Component: ARM Compiler 5.06 update 6 (build 750) Tool: armlink [4d35ed]

==============================================================================

Section Cross References

    startup_stm32f0xx.o(RESET) refers to startup_stm32f0xx.o(STACK) for __initial_sp
    startup_stm32f0xx.o(RESET) refers to startup_stm32f0xx.o(.text) for Reset_Handler
    startup_stm32f0xx.o(RESET) refers to stm32f0xx_it.o(i.NMI_Handler) for NMI_Handler
    startup_stm32f0xx.o(RESET) refers to stm32f0xx_it.o(i.HardFault_Handler) for HardFault_Handler
    startup_stm32f0xx.o(RESET) refers to stm32f0xx_it.o(i.SVC_Handler) for SVC_Handler
    startup_stm32f0xx.o(RESET) refers to stm32f0xx_it.o(i.PendSV_Handler) for PendSV_Handler
    startup_stm32f0xx.o(RESET) refers to stm32f0xx_it.o(i.SysTick_Handler) for SysTick_Handler
    startup_stm32f0xx.o(RESET) refers to gpio_init.o(i.EXTI4_15_IRQHandler) for EXTI4_15_IRQHandler
    startup_stm32f0xx.o(RESET) refers to timer_isr.o(i.TIM1_BRK_UP_TRG_COM_IRQHandler) for TIM1_BRK_UP_TRG_COM_IRQHandler
    startup_stm32f0xx.o(RESET) refers to timer_isr.o(i.TIM3_IRQHandler) for TIM3_IRQHandler
    startup_stm32f0xx.o(RESET) refers to timer_isr.o(i.TIM14_IRQHandler) for TIM14_IRQHandler
    startup_stm32f0xx.o(RESET) refers to timer_isr.o(i.TIM16_IRQHandler) for TIM16_IRQHandler
    startup_stm32f0xx.o(.text) refers to system_stm32f0xx.o(i.SystemInit) for SystemInit
    startup_stm32f0xx.o(.text) refers to entry.o(.ARM.Collect$$$$00000000) for __main
    stm32f0xx_adc.o(i.ADC_DeInit) refers to stm32f0xx_rcc.o(i.RCC_APB2PeriphResetCmd) for RCC_APB2PeriphResetCmd
    stm32f0xx_can.o(i.CAN_DeInit) refers to stm32f0xx_rcc.o(i.RCC_APB1PeriphResetCmd) for RCC_APB1PeriphResetCmd
    stm32f0xx_can.o(i.CAN_GetITStatus) refers to stm32f0xx_can.o(i.CheckITStatus) for CheckITStatus
    stm32f0xx_cec.o(i.CEC_DeInit) refers to stm32f0xx_rcc.o(i.RCC_APB1PeriphResetCmd) for RCC_APB1PeriphResetCmd
    stm32f0xx_crs.o(i.CRS_DeInit) refers to stm32f0xx_rcc.o(i.RCC_APB1PeriphResetCmd) for RCC_APB1PeriphResetCmd
    stm32f0xx_dac.o(i.DAC_DeInit) refers to stm32f0xx_rcc.o(i.RCC_APB1PeriphResetCmd) for RCC_APB1PeriphResetCmd
    stm32f0xx_flash.o(i.FLASH_EraseAllPages) refers to stm32f0xx_flash.o(i.FLASH_WaitForLastOperation) for FLASH_WaitForLastOperation
    stm32f0xx_flash.o(i.FLASH_ErasePage) refers to stm32f0xx_flash.o(i.FLASH_WaitForLastOperation) for FLASH_WaitForLastOperation
    stm32f0xx_flash.o(i.FLASH_OB_BOOT0Config) refers to stm32f0xx_flash.o(i.FLASH_WaitForLastOperation) for FLASH_WaitForLastOperation
    stm32f0xx_flash.o(i.FLASH_OB_BOOT0SWConfig) refers to stm32f0xx_flash.o(i.FLASH_WaitForLastOperation) for FLASH_WaitForLastOperation
    stm32f0xx_flash.o(i.FLASH_OB_BOOTConfig) refers to stm32f0xx_flash.o(i.FLASH_WaitForLastOperation) for FLASH_WaitForLastOperation
    stm32f0xx_flash.o(i.FLASH_OB_EnableWRP) refers to stm32f0xx_flash.o(i.FLASH_WaitForLastOperation) for FLASH_WaitForLastOperation
    stm32f0xx_flash.o(i.FLASH_OB_Erase) refers to stm32f0xx_flash.o(i.FLASH_OB_GetRDP) for FLASH_OB_GetRDP
    stm32f0xx_flash.o(i.FLASH_OB_Erase) refers to stm32f0xx_flash.o(i.FLASH_WaitForLastOperation) for FLASH_WaitForLastOperation
    stm32f0xx_flash.o(i.FLASH_OB_ProgramData) refers to stm32f0xx_flash.o(i.FLASH_WaitForLastOperation) for FLASH_WaitForLastOperation
    stm32f0xx_flash.o(i.FLASH_OB_RDPConfig) refers to stm32f0xx_flash.o(i.FLASH_WaitForLastOperation) for FLASH_WaitForLastOperation
    stm32f0xx_flash.o(i.FLASH_OB_SRAMParityConfig) refers to stm32f0xx_flash.o(i.FLASH_WaitForLastOperation) for FLASH_WaitForLastOperation
    stm32f0xx_flash.o(i.FLASH_OB_UserConfig) refers to stm32f0xx_flash.o(i.FLASH_WaitForLastOperation) for FLASH_WaitForLastOperation
    stm32f0xx_flash.o(i.FLASH_OB_VDDAConfig) refers to stm32f0xx_flash.o(i.FLASH_WaitForLastOperation) for FLASH_WaitForLastOperation
    stm32f0xx_flash.o(i.FLASH_OB_WriteUser) refers to stm32f0xx_flash.o(i.FLASH_WaitForLastOperation) for FLASH_WaitForLastOperation
    stm32f0xx_flash.o(i.FLASH_ProgramHalfWord) refers to stm32f0xx_flash.o(i.FLASH_WaitForLastOperation) for FLASH_WaitForLastOperation
    stm32f0xx_flash.o(i.FLASH_ProgramWord) refers to stm32f0xx_flash.o(i.FLASH_WaitForLastOperation) for FLASH_WaitForLastOperation
    stm32f0xx_flash.o(i.FLASH_WaitForLastOperation) refers to stm32f0xx_flash.o(i.FLASH_GetStatus) for FLASH_GetStatus
    stm32f0xx_gpio.o(i.GPIO_DeInit) refers to stm32f0xx_rcc.o(i.RCC_AHBPeriphResetCmd) for RCC_AHBPeriphResetCmd
    stm32f0xx_i2c.o(i.I2C_DeInit) refers to stm32f0xx_rcc.o(i.RCC_APB1PeriphResetCmd) for RCC_APB1PeriphResetCmd
    stm32f0xx_pwr.o(i.PWR_DeInit) refers to stm32f0xx_rcc.o(i.RCC_APB1PeriphResetCmd) for RCC_APB1PeriphResetCmd
    stm32f0xx_rcc.o(i.RCC_GetClocksFreq) refers to uidiv.o(.text) for __aeabi_uidivmod
    stm32f0xx_rcc.o(i.RCC_GetClocksFreq) refers to stm32f0xx_rcc.o(.data) for APBAHBPrescTable
[...]
    Removing usart.o(.rev16_text), (4 bytes).
    Removing usart.o(.revsh_text), (4 bytes).
    Removing gpio_init.o(.rev16_text), (4 bytes).
    Removing gpio_init.o(.revsh_text), (4 bytes).
    Removing sysconfig.o(.rev16_text), (4 bytes).
    Removing sysconfig.o(.revsh_text), (4 bytes).
    Removing sysconfig.o(i.Delay), (24 bytes).
    Removing sysconfig.o(i.Delay_us), (26 bytes).
    Removing sysconfig.o(i.NVIC_SetPriority), (120 bytes).
    Removing sysconfig.o(i.SYSTICK_Init), (76 bytes).
    Removing sysconfig.o(i.TimingDelay_Decrement), (24 bytes).
    Removing sysconfig.o(.data), (4 bytes).
    Removing timer_isr.o(.rev16_text), (4 bytes).
    Removing timer_isr.o(.revsh_text), (4 bytes).
    Removing timer.o(.rev16_text), (4 bytes).
    Removing timer.o(.revsh_text), (4 bytes).
    Removing timer.o(i.Start_Motor), (68 bytes).
    Removing pi_cale.o(.rev16_text), (4 bytes).
    Removing pi_cale.o(.revsh_text), (4 bytes).
    Removing pi_cale.o(i.CalcAvgSpeedTime), (112 bytes).
    Removing bldc.o(.rev16_text), (4 bytes).
    Removing bldc.o(.revsh_text), (4 bytes).
    Removing bldc.o(i.Get_KRM_ADJ_Actual), (132 bytes).

563 unused section(s) (total 20152 bytes) removed from the image.

==============================================================================

Image Symbol Table

    Local Symbols

    Symbol Name                              Value     Ov Type        Size  Object(Section)

    ../clib/microlib/division.c              0x00000000   Number         0  uidiv.o ABSOLUTE
    ../clib/microlib/division.c              0x00000000   Number         0  uldiv.o ABSOLUTE
    ../clib/microlib/division.c              0x00000000   Number         0  idiv.o ABSOLUTE
    ../clib/microlib/init/entry.s            0x00000000   Number         0  entry10a.o ABSOLUTE
    ../clib/microlib/init/entry.s            0x00000000   Number         0  entry10b.o ABSOLUTE
    ../clib/microlib/init/entry.s            0x00000000   Number         0  entry9a.o ABSOLUTE
    ../clib/microlib/init/entry.s            0x00000000   Number         0  entry11a.o ABSOLUTE
    ../clib/microlib/init/entry.s            0x00000000   Number         0  entry11b.o ABSOLUTE
    ../clib/microlib/init/entry.s            0x00000000   Number         0  entry8a.o ABSOLUTE
    ../clib/microlib/init/entry.s            0x00000000   Number         0  entry.o ABSOLUTE
    ../clib/microlib/init/entry.s            0x00000000   Number         0  entry9b.o ABSOLUTE
    ../clib/microlib/init/entry.s            0x00000000   Number         0  entry8b.o ABSOLUTE
    ../clib/microlib/init/entry.s            0x00000000   Number         0  entry7b.o ABSOLUTE
    ../clib/microlib/init/entry.s            0x00000000   Number         0  entry7a.o ABSOLUTE
    ../clib/microlib/init/entry.s            0x00000000   Number         0  entry5.o ABSOLUTE
    ../clib/microlib/init/entry.s            0x00000000   Number         0  entry2.o ABSOLUTE
    ../clib/microlib/longlong.c              0x00000000   Number         0  llushr.o ABSOLUTE
    ../clib/microlib/longlong.c              0x00000000   Number         0  llshl.o ABSOLUTE
    ../clib/microlib/longlong.c              0x00000000   Number         0  llsshr.o ABSOLUTE
    ../clib/microlib/printf/printf.c         0x00000000   Number         0  printf6.o ABSOLUTE
    ../clib/microlib/printf/printf.c         0x00000000   Number         0  printf5.o ABSOLUTE
    ../clib/microlib/printf/printf.c         0x00000000   Number         0  printf4.o ABSOLUTE
    ../clib/microlib/printf/printf.c         0x00000000   Number         0  printfb.o ABSOLUTE
    ../clib/microlib/printf/printf.c         0x00000000   Number         0  printf0.o ABSOLUTE
    ../clib/microlib/printf/printf.c         0x00000000   Number         0  printf1.o ABSOLUTE
    ../clib/microlib/printf/printf.c         0x00000000   Number         0  printfa.o ABSOLUTE
    ../clib/microlib/printf/printf.c         0x00000000   Number         0  printf2.o ABSOLUTE
    ../clib/microlib/printf/printf.c         0x00000000   Number         0  printf8.o ABSOLUTE
    ../clib/microlib/printf/printf.c         0x00000000   Number         0  printf3.o ABSOLUTE
    ../clib/microlib/printf/printf.c         0x00000000   Number         0  printf7.o ABSOLUTE
    ../clib/microlib/printf/stubs.s          0x00000000   Number         0  stubs.o ABSOLUTE
    ../clib/microlib/stubs.s                 0x00000000   Number         0  iusefp.o ABSOLUTE
    ../clib/microlib/stubs.s                 0x00000000   Number         0  useno.o ABSOLUTE
    ../fplib/microlib/d2f.c                  0x00000000   Number         0  d2f.o ABSOLUTE
    ../fplib/microlib/f2d.c                  0x00000000   Number         0  f2d.o ABSOLUTE
    ../fplib/microlib/fpadd.c                0x00000000   Number         0  fadd.o ABSOLUTE
    ../fplib/microlib/fpadd.c                0x00000000   Number         0  dadd.o ABSOLUTE
    ../fplib/microlib/fpdiv.c                0x00000000   Number         0  fdiv.o ABSOLUTE
    ../fplib/microlib/fpdiv.c                0x00000000   Number         0  ddiv.o ABSOLUTE
    ../fplib/microlib/fpepilogue.c           0x00000000   Number         0  fepilogue.o ABSOLUTE
    ../fplib/microlib/fpepilogue.c           0x00000000   Number         0  depilogue.o ABSOLUTE
    ../fplib/microlib/fpfix.c                0x00000000   Number         0  ffixui.o ABSOLUTE
    ../fplib/microlib/fpfix.c                0x00000000   Number         0  dfixul.o ABSOLUTE
    ../fplib/microlib/fpfix.c                0x00000000   Number         0  dfixui.o ABSOLUTE
    ../fplib/microlib/fpflt.c                0x00000000   Number         0  dfltui.o ABSOLUTE
    ../fplib/microlib/fpflt.c                0x00000000   Number         0  ffltui.o ABSOLUTE
    ../fplib/microlib/fpmul.c                0x00000000   Number         0  fmul.o ABSOLUTE
    ../fplib/microlib/fpmul.c                0x00000000   Number         0  dmul.o ABSOLUTE
    Libraries\CMSIS\ST\STM32F0xx\Source\Templates\arm\startup_stm32f0xx.s 0x00000000   Number         0  startup_stm32f0xx.o ABSOLUTE
    Libraries\CMSIS\ST\STM32F0xx\Source\Templates\system_stm32f0xx.c 0x00000000   Number         0  system_stm32f0xx.o ABSOLUTE
    Libraries\STM32F0xx_StdPeriph_Driver\src\stm32f0xx_adc.c 0x00000000   Number         0  stm32f0xx_adc.o ABSOLUTE
    Libraries\STM32F0xx_StdPeriph_Driver\src\stm32f0xx_can.c 0x00000000   Number         0  stm32f0xx_can.o ABSOLUTE
    Libraries\STM32F0xx_StdPeriph_Driver\src\stm32f0xx_cec.c 0x00000000   Number         0  stm32f0xx_cec.o ABSOLUTE
    Libraries\STM32F0xx_StdPeriph_Driver\src\stm32f0xx_comp.c 0x00000000   Number         0  stm32f0xx_comp.o ABSOLUTE
    Libraries\STM32F0xx_StdPeriph_Driver\src\stm32f0xx_crc.c 0x00000000   Number         0  stm32f0xx_crc.o ABSOLUTE
    Libraries\STM32F0xx_StdPeriph_Driver\src\stm32f0xx_crs.c 0x00000000   Number         0  stm32f0xx_crs.o ABSOLUTE
    Libraries\STM32F0xx_StdPeriph_Driver\src\stm32f0xx_dac.c 0x00000000   Number         0  stm32f0xx_dac.o ABSOLUTE
    Libraries\STM32F0xx_StdPeriph_Driver\src\stm32f0xx_dbgmcu.c 0x00000000   Number         0  stm32f0xx_dbgmcu.o ABSOLUTE
    Libraries\STM32F0xx_StdPeriph_Driver\src\stm32f0xx_dma.c 0x00000000   Number         0  stm32f0xx_dma.o ABSOLUTE
    Libraries\STM32F0xx_StdPeriph_Driver\src\stm32f0xx_exti.c 0x00000000   Number         0  stm32f0xx_exti.o ABSOLUTE
    Libraries\STM32F0xx_StdPeriph_Driver\src\stm32f0xx_flash.c 0x00000000   Number         0  stm32f0xx_flash.o ABSOLUTE
    Libraries\STM32F0xx_StdPeriph_Driver\src\stm32f0xx_gpio.c 0x00000000   Number         0  stm32f0xx_gpio.o ABSOLUTE
    Libraries\STM32F0xx_StdPeriph_Driver\src\stm32f0xx_i2c.c 0x00000000   Number         0  stm32f0xx_i2c.o ABSOLUTE
    Libraries\STM32F0xx_StdPeriph_Driver\src\stm32f0xx_iwdg.c 0x00000000   Number         0  stm32f0xx_iwdg.o ABSOLUTE
    Libraries\STM32F0xx_StdPeriph_Driver\src\stm32f0xx_misc.c 0x00000000   Number         0  stm32f0xx_misc.o ABSOLUTE
    Libraries\STM32F0xx_StdPeriph_Driver\src\stm32f0xx_pwr.c 0x00000000   Number         0  stm32f0xx_pwr.o ABSOLUTE
    Libraries\STM32F0xx_StdPeriph_Driver\src\stm32f0xx_rcc.c 0x00000000   Number         0  stm32f0xx_rcc.o ABSOLUTE
    Libraries\STM32F0xx_StdPeriph_Driver\src\stm32f0xx_rtc.c 0x00000000   Number         0  stm32f0xx_rtc.o ABSOLUTE
    Libraries\STM32F0xx_StdPeriph_Driver\src\stm32f0xx_spi.c 0x00000000   Number         0  stm32f0xx_spi.o ABSOLUTE
    Libraries\STM32F0xx_StdPeriph_Driver\src\stm32f0xx_syscfg.c 0x00000000   Number         0  stm32f0xx_syscfg.o ABSOLUTE
    Libraries\STM32F0xx_StdPeriph_Driver\src\stm32f0xx_tim.c 0x00000000   Number         0  stm32f0xx_tim.o ABSOLUTE
    Libraries\STM32F0xx_StdPeriph_Driver\src\stm32f0xx_usart.c 0x00000000   Number         0  stm32f0xx_usart.o ABSOLUTE
    Libraries\STM32F0xx_StdPeriph_Driver\src\stm32f0xx_wwdg.c 0x00000000   Number         0  stm32f0xx_wwdg.o ABSOLUTE
    Libraries\\CMSIS\\ST\\STM32F0xx\\Source\\Templates\\system_stm32f0xx.c 0x00000000   Number         0  system_stm32f0xx.o ABSOLUTE
    Libraries\\STM32F0xx_StdPeriph_Driver\\src\\stm32f0xx_adc.c 0x00000000   Number         0  stm32f0xx_adc.o ABSOLUTE
    Libraries\\STM32F0xx_StdPeriph_Driver\\src\\stm32f0xx_can.c 0x00000000   Number         0  stm32f0xx_can.o ABSOLUTE
    Libraries\\STM32F0xx_StdPeriph_Driver\\src\\stm32f0xx_cec.c 0x00000000   Number         0  stm32f0xx_cec.o ABSOLUTE
    Libraries\\STM32F0xx_StdPeriph_Driver\\src\\stm32f0xx_comp.c 0x00000000   Number         0  stm32f0xx_comp.o ABSOLUTE
    Libraries\\STM32F0xx_StdPeriph_Driver\\src\\stm32f0xx_crc.c 0x00000000   Number         0  stm32f0xx_crc.o ABSOLUTE
    Libraries\\STM32F0xx_StdPeriph_Driver\\src\\stm32f0xx_crs.c 0x00000000   Number         0  stm32f0xx_crs.o ABSOLUTE
    Libraries\\STM32F0xx_StdPeriph_Driver\\src\\stm32f0xx_dac.c 0x00000000   Number         0  stm32f0xx_dac.o ABSOLUTE
    Libraries\\STM32F0xx_StdPeriph_Driver\\src\\stm32f0xx_dbgmcu.c 0x00000000   Number         0  stm32f0xx_dbgmcu.o ABSOLUTE
    Libraries\\STM32F0xx_StdPeriph_Driver\\src\\stm32f0xx_dma.c 0x00000000   Number         0  stm32f0xx_dma.o ABSOLUTE
    Libraries\\STM32F0xx_StdPeriph_Driver\\src\\stm32f0xx_exti.c 0x00000000   Number         0  stm32f0xx_exti.o ABSOLUTE
    Libraries\\STM32F0xx_StdPeriph_Driver\\src\\stm32f0xx_flash.c 0x00000000   Number         0  stm32f0xx_flash.o ABSOLUTE
    Libraries\\STM32F0xx_StdPeriph_Driver\\src\\stm32f0xx_gpio.c 0x00000000   Number         0  stm32f0xx_gpio.o ABSOLUTE
    Libraries\\STM32F0xx_StdPeriph_Driver\\src\\stm32f0xx_i2c.c 0x00000000   Number         0  stm32f0xx_i2c.o ABSOLUTE
    Libraries\\STM32F0xx_StdPeriph_Driver\\src\\stm32f0xx_iwdg.c 0x00000000   Number         0  stm32f0xx_iwdg.o ABSOLUTE
    Libraries\\STM32F0xx_StdPeriph_Driver\\src\\stm32f0xx_misc.c 0x00000000   Number         0  stm32f0xx_misc.o ABSOLUTE
    Libraries\\STM32F0xx_StdPeriph_Driver\\src\\stm32f0xx_pwr.c 0x00000000   Number         0  stm32f0xx_pwr.o ABSOLUTE
    Libraries\\STM32F0xx_StdPeriph_Driver\\src\\stm32f0xx_rcc.c 0x00000000   Number         0  stm32f0xx_rcc.o ABSOLUTE
    Libraries\\STM32F0xx_StdPeriph_Driver\\src\\stm32f0xx_rtc.c 0x00000000   Number         0  stm32f0xx_rtc.o ABSOLUTE
    Libraries\\STM32F0xx_StdPeriph_Driver\\src\\stm32f0xx_spi.c 0x00000000   Number         0  stm32f0xx_spi.o ABSOLUTE
    Libraries\\STM32F0xx_StdPeriph_Driver\\src\\stm32f0xx_syscfg.c 0x00000000   Number         0  stm32f0xx_syscfg.o ABSOLUTE
    Libraries\\STM32F0xx_StdPeriph_Driver\\src\\stm32f0xx_tim.c 0x00000000   Number         0  stm32f0xx_tim.o ABSOLUTE
    Libraries\\STM32F0xx_StdPeriph_Driver\\src\\stm32f0xx_usart.c 0x00000000   Number         0  stm32f0xx_usart.o ABSOLUTE
    Libraries\\STM32F0xx_StdPeriph_Driver\\src\\stm32f0xx_wwdg.c 0x00000000   Number         0  stm32f0xx_wwdg.o ABSOLUTE
    System\Analog.c                          0x00000000   Number         0  analog.o ABSOLUTE
    System\BLDC.c                            0x00000000   Number         0  bldc.o ABSOLUTE
    System\GPIO_Init.c                       0x00000000   Number         0  gpio_init.o ABSOLUTE
    System\PI_Cale.c                         0x00000000   Number         0  pi_cale.o ABSOLUTE
    System\SysConfig.c                       0x00000000   Number         0  sysconfig.o ABSOLUTE
    System\Timer.c                           0x00000000   Number         0  timer.o ABSOLUTE
    System\Timer_ISR.c                       0x00000000   Number         0  timer_isr.o ABSOLUTE
    System\USART.c                           0x00000000   Number         0  usart.o ABSOLUTE
    System\\Analog.c                         0x00000000   Number         0  analog.o ABSOLUTE
    System\\BLDC.c                           0x00000000   Number         0  bldc.o ABSOLUTE
    System\\GPIO_Init.c                      0x00000000   Number         0  gpio_init.o ABSOLUTE
    System\\PI_Cale.c                        0x00000000   Number         0  pi_cale.o ABSOLUTE
    System\\SysConfig.c                      0x00000000   Number         0  sysconfig.o ABSOLUTE
    System\\Timer.c                          0x00000000   Number         0  timer.o ABSOLUTE
    System\\Timer_ISR.c                      0x00000000   Number         0  timer_isr.o ABSOLUTE
    System\\USART.c                          0x00000000   Number         0  usart.o ABSOLUTE
    User\\main.c                             0x00000000   Number         0  main.o ABSOLUTE
    User\\stm32f0xx_it.c                     0x00000000   Number         0  stm32f0xx_it.o ABSOLUTE
    User\main.c                              0x00000000   Number         0  main.o ABSOLUTE
    User\stm32f0xx_it.c                      0x00000000   Number         0  stm32f0xx_it.o ABSOLUTE
    cdrcmple.s                               0x00000000   Number         0  cdrcmple.o ABSOLUTE
    cfcmple.s                                0x00000000   Number         0  cfcmple.o ABSOLUTE
    cfrcmple.s                               0x00000000   Number         0  cfrcmple.o ABSOLUTE
    dc.s                                     0x00000000   Number         0  dc.o ABSOLUTE
    handlers.s                               0x00000000   Number         0  handlers.o ABSOLUTE
    init.s                                   0x00000000   Number         0  init.o ABSOLUTE
    RESET                                    0x08000000   Section      192  startup_stm32f0xx.o(RESET)
    .ARM.Collect$$$$00000000                 0x080000c0   Section        0  entry.o(.ARM.Collect$$$$00000000)
    .ARM.Collect$$$$00000001                 0x080000c0   Section        4  entry2.o(.ARM.Collect$$$$00000001)
    .ARM.Collect$$$$00000004                 0x080000c4   Section        4  entry5.o(.ARM.Collect$$$$00000004)
    .ARM.Collect$$$$00000008                 0x080000c8   Section        0  entry7b.o(.ARM.Collect$$$$00000008)
    .ARM.Collect$$$$0000000A                 0x080000c8   Section        0  entry8b.o(.ARM.Collect$$$$0000000A)
    .ARM.Collect$$$$0000000B                 0x080000c8   Section        8  entry9a.o(.ARM.Collect$$$$0000000B)
    .ARM.Collect$$$$0000000D                 0x080000d0   Section        0  entry10a.o(.ARM.Collect$$$$0000000D)
    .ARM.Collect$$$$0000000F                 0x080000d0   Section        0  entry11a.o(.ARM.Collect$$$$0000000F)
    .ARM.Collect$$$$00002712                 0x080000d0   Section        4  entry2.o(.ARM.Collect$$$$00002712)
    __lit__00000000                          0x080000d0   Data           4  entry2.o(.ARM.Collect$$$$00002712)
    .text                                    0x080000d4   Section       28  startup_stm32f0xx.o(.text)
    .text                                    0x080000f0   Section        0  uidiv.o(.text)
    .text                                    0x0800011c   Section        0  idiv.o(.text)
    .text                                    0x08000144   Section        0  fadd.o(.text)
    .text                                    0x080001f6   Section        0  fmul.o(.text)
    .text                                    0x08000270   Section        0  fdiv.o(.text)
    .text                                    0x080002ec   Section        0  dadd.o(.text)
    .text                                    0x08000450   Section        0  dmul.o(.text)
    .text                                    0x08000520   Section        0  ffltui.o(.text)
    .text                                    0x08000530   Section        0  dfltui.o(.text)
    .text                                    0x0800054c   Section        0  ffixui.o(.text)
    .text                                    0x08000574   Section        0  dfixui.o(.text)
    .text                                    0x080005b0   Section        0  f2d.o(.text)
    .text                                    0x080005d8   Section       40  cdrcmple.o(.text)
    .text                                    0x08000600   Section        0  d2f.o(.text)
    .text                                    0x08000638   Section       20  cfcmple.o(.text)
    .text                                    0x0800064c   Section       20  cfrcmple.o(.text)
    .text                                    0x08000660   Section        0  uldiv.o(.text)
    .text                                    0x080006c0   Section        0  llshl.o(.text)
    .text                                    0x080006e0   Section        0  llushr.o(.text)
    .text                                    0x08000702   Section        0  llsshr.o(.text)
    .text                                    0x08000728   Section        0  fepilogue.o(.text)
    .text                                    0x08000728   Section        0  iusefp.o(.text)
    .text                                    0x080007aa   Section        0  depilogue.o(.text)
    .text                                    0x08000868   Section        0  ddiv.o(.text)
    .text                                    0x08000958   Section        0  dfixul.o(.text)
    .text                                    0x08000998   Section       36  init.o(.text)
    i.ADC_ChannelConfig                      0x080009bc   Section        0  stm32f0xx_adc.o(i.ADC_ChannelConfig)
    i.ADC_ClockModeConfig                    0x080009d4   Section        0  stm32f0xx_adc.o(i.ADC_ClockModeConfig)
    i.ADC_Cmd                                0x080009d8   Section        0  stm32f0xx_adc.o(i.ADC_Cmd)
    i.ADC_Configuration                      0x080009f0   Section        0  analog.o(i.ADC_Configuration)
    i.ADC_DMACmd                             0x08000af4   Section        0  stm32f0xx_adc.o(i.ADC_DMACmd)
    i.ADC_DMARequestModeConfig               0x08000b0c   Section        0  stm32f0xx_adc.o(i.ADC_DMARequestModeConfig)
    i.ADC_DeInit                             0x08000b1c   Section        0  stm32f0xx_adc.o(i.ADC_DeInit)
    i.ADC_GetCalibrationFactor               0x08000b3c   Section        0  stm32f0xx_adc.o(i.ADC_GetCalibrationFactor)
    i.ADC_GetFlagStatus                      0x08000b78   Section        0  stm32f0xx_adc.o(i.ADC_GetFlagStatus)
    i.ADC_Init                               0x08000ba8   Section        0  stm32f0xx_adc.o(i.ADC_Init)
    i.ADC_OverrunModeCmd                     0x08000bd4   Section        0  stm32f0xx_adc.o(i.ADC_OverrunModeCmd)
    i.ADC_StartOfConversion                  0x08000bf0   Section        0  stm32f0xx_adc.o(i.ADC_StartOfConversion)
    i.ADC_StructInit                         0x08000bfa   Section        0  stm32f0xx_adc.o(i.ADC_StructInit)
    i.Align_pos_check_proc                   0x08000c0c   Section        0  bldc.o(i.Align_pos_check_proc)
    i.All_Discharg                           0x08000e74   Section        0  bldc.o(i.All_Discharg)
    i.BLDC_GPIO_Config                       0x08000ec4   Section        0  gpio_init.o(i.BLDC_GPIO_Config)
    i.BemfCheck                              0x08000f28   Section        0  analog.o(i.BemfCheck)
    i.Cal_AverCurrent                        0x08000fe4   Section        0  analog.o(i.Cal_AverCurrent)
    i.CalcSpeedTime                          0x080010c8   Section        0  pi_cale.o(i.CalcSpeedTime)
    i.Charger                                0x08001134   Section        0  bldc.o(i.Charger)
    i.DMA_Cmd                                0x080011bc   Section        0  stm32f0xx_dma.o(i.DMA_Cmd)
    i.DMA_DeInit                             0x080011d8   Section        0  stm32f0xx_dma.o(i.DMA_DeInit)
    i.DMA_Init                               0x080012b0   Section        0  stm32f0xx_dma.o(i.DMA_Init)
    i.Delay_ms                               0x080012f0   Section        0  sysconfig.o(i.Delay_ms)
    i.EXTI4_15_IRQHandler                    0x08001310   Section        0  gpio_init.o(i.EXTI4_15_IRQHandler)
    i.EXTI_ClearITPendingBit                 0x080013d0   Section        0  stm32f0xx_exti.o(i.EXTI_ClearITPendingBit)
    i.EXTI_GetITStatus                       0x080013dc   Section        0  stm32f0xx_exti.o(i.EXTI_GetITStatus)
    i.EXTI_Init                              0x080013f8   Section        0  stm32f0xx_exti.o(i.EXTI_Init)
    i.EnterDragInit                          0x08001480   Section        0  bldc.o(i.EnterDragInit)
    i.EnterRunInit                           0x080014a0   Section        0  bldc.o(i.EnterRunInit)
    i.Exti_Config                            0x080014ec   Section        0  gpio_init.o(i.Exti_Config)
    i.FaultMotor_Stall                       0x08001574   Section        0  analog.o(i.FaultMotor_Stall)
    i.Fault_Detection                        0x080016d8   Section        0  analog.o(i.Fault_Detection)
    i.Fault_OverUnderVoltage                 0x080016e4   Section        0  analog.o(i.Fault_OverUnderVoltage)
    i.GPIO_Init                              0x0800177c   Section        0  stm32f0xx_gpio.o(i.GPIO_Init)
    i.GPIO_PinAFConfig                       0x0800180c   Section        0  stm32f0xx_gpio.o(i.GPIO_PinAFConfig)
    i.GPIO_ReadInputDataBit                  0x08001850   Section        0  stm32f0xx_gpio.o(i.GPIO_ReadInputDataBit)
    i.GetComparatorState                     0x08001864   Section        0  bldc.o(i.GetComparatorState)
    i.Get_KRM_Actual_RPM                     0x08001958   Section        0  pi_cale.o(i.Get_KRM_Actual_RPM)
    i.HardFault_Handler                      0x080019dc   Section        0  stm32f0xx_it.o(i.HardFault_Handler)
    i.Init_EXT                               0x080019e0   Section        0  bldc.o(i.Init_EXT)
    i.Instant_Current_Cale                   0x08001ae8   Section        0  analog.o(i.Instant_Current_Cale)
    i.MOS_Q15PWM                             0x08001b10   Section        0  timer.o(i.MOS_Q15PWM)
    i.MOS_Q16PWM                             0x08001b78   Section        0  timer.o(i.MOS_Q16PWM)
    i.MOS_Q24PWM                             0x08001be0   Section        0  timer.o(i.MOS_Q24PWM)
    i.MOS_Q26PWM                             0x08001c48   Section        0  timer.o(i.MOS_Q26PWM)
    i.MOS_Q34PWM                             0x08001cb0   Section        0  timer.o(i.MOS_Q34PWM)
    i.MOS_Q35PWM                             0x08001d18   Section        0  timer.o(i.MOS_Q35PWM)
    i.ManulStartup_Turn                      0x08001d80   Section        0  bldc.o(i.ManulStartup_Turn)
    i.MotorAlignment                         0x08001dc8   Section        0  bldc.o(i.MotorAlignment)
    i.MotorControl                           0x08001e10   Section        0  bldc.o(i.MotorControl)
    i.MotorInit                              0x08001fa8   Section        0  bldc.o(i.MotorInit)
    i.MotorStop                              0x080020a0   Section        0  bldc.o(i.MotorStop)
    i.NMI_Handler                            0x0800218c   Section        0  stm32f0xx_it.o(i.NMI_Handler)
    i.NVIC_Init                              0x08002190   Section        0  stm32f0xx_misc.o(i.NVIC_Init)
    i.PIDParament_Init                       0x08002200   Section        0  pi_cale.o(i.PIDParament_Init)
    i.PID_bldcSpeedControl                   0x0800222c   Section        0  pi_cale.o(i.PID_bldcSpeedControl)
    i.PendSV_Handler                         0x080022f0   Section        0  stm32f0xx_it.o(i.PendSV_Handler)
    i.RCC_AHBPeriphClockCmd                  0x080022f4   Section        0  stm32f0xx_rcc.o(i.RCC_AHBPeriphClockCmd)
    i.RCC_APB1PeriphClockCmd                 0x08002314   Section        0  stm32f0xx_rcc.o(i.RCC_APB1PeriphClockCmd)
    i.RCC_APB1PeriphResetCmd                 0x08002334   Section        0  stm32f0xx_rcc.o(i.RCC_APB1PeriphResetCmd)
    i.RCC_APB2PeriphClockCmd                 0x08002354   Section        0  stm32f0xx_rcc.o(i.RCC_APB2PeriphClockCmd)
    i.RCC_APB2PeriphResetCmd                 0x08002374   Section        0  stm32f0xx_rcc.o(i.RCC_APB2PeriphResetCmd)
    i.RCC_GetClocksFreq                      0x08002394   Section        0  stm32f0xx_rcc.o(i.RCC_GetClocksFreq)
    i.RCC_USARTCLKConfig                     0x08002584   Section        0  stm32f0xx_rcc.o(i.RCC_USARTCLKConfig)
    i.SVC_Handler                            0x080025b8   Section        0  stm32f0xx_it.o(i.SVC_Handler)
    i.SYSCFG_EXTILineConfig                  0x080025bc   Section        0  stm32f0xx_syscfg.o(i.SYSCFG_EXTILineConfig)
    i.SetSysClock                            0x080025fc   Section        0  system_stm32f0xx.o(i.SetSysClock)
    SetSysClock                              0x080025fd   Thumb Code   200  system_stm32f0xx.o(i.SetSysClock)
    i.SpeedController                        0x080026cc   Section        0  pi_cale.o(i.SpeedController)
    i.StartupDrag                            0x0800280c   Section        0  bldc.o(i.StartupDrag)
    i.Startup_Turn                           0x080028b4   Section        0  bldc.o(i.Startup_Turn)
    i.SysTick_Handler                        0x080029fc   Section        0  stm32f0xx_it.o(i.SysTick_Handler)
    i.SystemInit                             0x08002a00   Section        0  system_stm32f0xx.o(i.SystemInit)
    i.TIM14_Config                           0x08002a7c   Section        0  timer.o(i.TIM14_Config)
    i.TIM14_IRQHandler                       0x08002aec   Section        0  timer_isr.o(i.TIM14_IRQHandler)
    i.TIM16_Config                           0x08002b8c   Section        0  timer.o(i.TIM16_Config)
    i.TIM16_IRQHandler                       0x08002bf8   Section        0  timer_isr.o(i.TIM16_IRQHandler)
    i.TIM1_BRK_UP_TRG_COM_IRQHandler         0x08002c54   Section        0  timer_isr.o(i.TIM1_BRK_UP_TRG_COM_IRQHandler)
    i.TIM1_Config                            0x08002d30   Section        0  timer.o(i.TIM1_Config)
    i.TIM3_Config                            0x08002f38   Section        0  timer.o(i.TIM3_Config)
    i.TIM3_IRQHandler                        0x08002fa4   Section        0  timer_isr.o(i.TIM3_IRQHandler)
    i.TIM_ARRPreloadConfig                   0x08002fc0   Section        0  stm32f0xx_tim.o(i.TIM_ARRPreloadConfig)
    i.TIM_BDTRConfig                         0x08002fdc   Section        0  stm32f0xx_tim.o(i.TIM_BDTRConfig)
    i.TIM_CCxCmd                             0x08002ffc   Section        0  stm32f0xx_tim.o(i.TIM_CCxCmd)
    i.TIM_CCxNCmd                            0x0800301a   Section        0  stm32f0xx_tim.o(i.TIM_CCxNCmd)
    i.TIM_ClearFlag                          0x08003038   Section        0  stm32f0xx_tim.o(i.TIM_ClearFlag)
    i.TIM_ClearITPendingBit                  0x0800303e   Section        0  stm32f0xx_tim.o(i.TIM_ClearITPendingBit)
    i.TIM_Cmd                                0x08003044   Section        0  stm32f0xx_tim.o(i.TIM_Cmd)
    i.TIM_CtrlPWMOutputs                     0x08003060   Section        0  stm32f0xx_tim.o(i.TIM_CtrlPWMOutputs)
    i.TIM_DeInit                             0x08003084   Section        0  stm32f0xx_tim.o(i.TIM_DeInit)
    i.TIM_GetITStatus                        0x08003188   Section        0  stm32f0xx_tim.o(i.TIM_GetITStatus)
    i.TIM_ITConfig                           0x080031ae   Section        0  stm32f0xx_tim.o(i.TIM_ITConfig)
    i.TIM_OC1Init                            0x080031c4   Section        0  stm32f0xx_tim.o(i.TIM_OC1Init)
    i.TIM_OC1NPolarityConfig                 0x08003258   Section        0  stm32f0xx_tim.o(i.TIM_OC1NPolarityConfig)
    i.TIM_OC1PolarityConfig                  0x08003270   Section        0  stm32f0xx_tim.o(i.TIM_OC1PolarityConfig)
    i.TIM_OC2Init                            0x08003288   Section        0  stm32f0xx_tim.o(i.TIM_OC2Init)
    i.TIM_OC2NPolarityConfig                 0x08003334   Section        0  stm32f0xx_tim.o(i.TIM_OC2NPolarityConfig)
    i.TIM_OC2PolarityConfig                  0x0800334c   Section        0  stm32f0xx_tim.o(i.TIM_OC2PolarityConfig)
    i.TIM_OC3Init                            0x08003364   Section        0  stm32f0xx_tim.o(i.TIM_OC3Init)
    i.TIM_OC3NPolarityConfig                 0x080033fc   Section        0  stm32f0xx_tim.o(i.TIM_OC3NPolarityConfig)
    i.TIM_OC3PolarityConfig                  0x08003414   Section        0  stm32f0xx_tim.o(i.TIM_OC3PolarityConfig)
    i.TIM_OC4Init                            0x0800342c   Section        0  stm32f0xx_tim.o(i.TIM_OC4Init)
    i.TIM_PrescalerConfig                    0x0800349c   Section        0  stm32f0xx_tim.o(i.TIM_PrescalerConfig)
    i.TIM_SelectOutputTrigger                0x080034a4   Section        0  stm32f0xx_tim.o(i.TIM_SelectOutputTrigger)
    i.TIM_SetCounter                         0x080034b8   Section        0  stm32f0xx_tim.o(i.TIM_SetCounter)
    i.TIM_TimeBaseInit                       0x080034bc   Section        0  stm32f0xx_tim.o(i.TIM_TimeBaseInit)
    i.USART1_Config                          0x08003538   Section        0  usart.o(i.USART1_Config)
    i.USART_ClearFlag                        0x08003648   Section        0  stm32f0xx_usart.o(i.USART_ClearFlag)
    i.USART_Cmd                              0x0800364c   Section        0  stm32f0xx_usart.o(i.USART_Cmd)
    i.USART_DMACmd                           0x08003664   Section        0  stm32f0xx_usart.o(i.USART_DMACmd)
    i.USART_DeInit                           0x08003678   Section        0  stm32f0xx_usart.o(i.USART_DeInit)
    i.USART_ITConfig                         0x080036f4   Section        0  stm32f0xx_usart.o(i.USART_ITConfig)
    i.USART_Init                             0x08003738   Section        0  stm32f0xx_usart.o(i.USART_Init)
    i.USART_SendData                         0x08003820   Section        0  stm32f0xx_usart.o(i.USART_SendData)
    i.UV_W_phase_inject                      0x08003828   Section        0  bldc.o(i.UV_W_phase_inject)
    i.U_VW_phase_inject                      0x080038a0   Section        0  bldc.o(i.U_VW_phase_inject)
    i.UserSpeedControl                       0x08003928   Section        0  bldc.o(i.UserSpeedControl)
    i.VW_U_phase_inject                      0x080039bc   Section        0  bldc.o(i.VW_U_phase_inject)
    i.V_WU_phase_inject                      0x08003a34   Section        0  bldc.o(i.V_WU_phase_inject)
    i.WU_V_phase_inject                      0x08003abc   Section        0  bldc.o(i.WU_V_phase_inject)
    i.W_UV_phase_inject                      0x08003b34   Section        0  bldc.o(i.W_UV_phase_inject)
    i.__0printf                              0x08003bbc   Section        0  printfa.o(i.__0printf)
    i.__ARM_clz                              0x08003bdc   Section        0  depilogue.o(i.__ARM_clz)
    i.__ARM_common_switch8                   0x08003c0a   Section        0  analog.o(i.__ARM_common_switch8)
    i.__scatterload_copy                     0x08003c26   Section       14  handlers.o(i.__scatterload_copy)
    i.__scatterload_null                     0x08003c34   Section        2  handlers.o(i.__scatterload_null)
    i.__scatterload_zeroinit                 0x08003c36   Section       14  handlers.o(i.__scatterload_zeroinit)
    i._fp_digits                             0x08003c44   Section        0  printfa.o(i._fp_digits)
    _fp_digits                               0x08003c45   Thumb Code   344  printfa.o(i._fp_digits)
    i._printf_core                           0x08003db8   Section        0  printfa.o(i._printf_core)
    _printf_core                             0x08003db9   Thumb Code  1754  printfa.o(i._printf_core)
    i._printf_post_padding                   0x080044a4   Section        0  printfa.o(i._printf_post_padding)
    _printf_post_padding                     0x080044a5   Thumb Code    32  printfa.o(i._printf_post_padding)
    i._printf_pre_padding                    0x080044c4   Section        0  printfa.o(i._printf_pre_padding)
    _printf_pre_padding                      0x080044c5   Thumb Code    44  printfa.o(i._printf_pre_padding)
    i.fputc                                  0x080044f0   Section        0  usart.o(i.fputc)
    i.main                                   0x08004514   Section        0  main.o(i.main)
    .data                                    0x20000000   Section       16  stm32f0xx_rcc.o(.data)
    APBAHBPrescTable                         0x20000000   Data          16  stm32f0xx_rcc.o(.data)
    .data                                    0x20000010   Section       20  system_stm32f0xx.o(.data)
    .data                                    0x20000024   Section      149  analog.o(.data)
    Sense                                    0x200000b2   Data           1  analog.o(.data)
    ADTotalCurrent                           0x200000b4   Data           4  analog.o(.data)
    Current_AverTimes                        0x200000b8   Data           1  analog.o(.data)
    .data                                    0x200000bc   Section        4  usart.o(.data)
    .data                                    0x200000c0   Section        8  timer_isr.o(.data)
    .data                                    0x200000c8   Section       32  pi_cale.o(.data)
    RPM_Kx_Out                               0x200000d8   Data           4  pi_cale.o(.data)
    RPM_KP                                   0x200000dc   Data           4  pi_cale.o(.data)
    RPM_Cnt                                  0x200000e0   Data           1  pi_cale.o(.data)
    Actual_RPM                               0x200000e4   Data           4  pi_cale.o(.data)
    .data                                    0x200000e8   Section       48  bldc.o(.data)
    temp_Level                               0x20000104   Data           1  bldc.o(.data)
    ADJ_Kx_Out                               0x20000108   Data           4  bldc.o(.data)
    ADJ_KP                                   0x2000010c   Data           4  bldc.o(.data)
    AD_Cnt                                   0x20000110   Data           1  bldc.o(.data)
    RheostatCnt0                             0x20000111   Data           1  bldc.o(.data)
    RheostatCnt1                             0x20000112   Data           1  bldc.o(.data)
    Temp_UserRequireSpeed                    0x20000114   Data           4  bldc.o(.data)
    .bss                                     0x20000118   Section       16  usart.o(.bss)
    .bss                                     0x20000128   Section       32  pi_cale.o(.bss)
    .bss                                     0x20000148   Section       56  bldc.o(.bss)
    STACK                                    0x20000180   Section     1024  startup_stm32f0xx.o(STACK)

    Global Symbols

    Symbol Name                              Value     Ov Type        Size  Object(Section)

    BuildAttributes$$THM_ISAv3M$S$PE$A:L22$X:L11$S22$IEEE1$IW$USESV6$~STKCKD$USESV7$~SHL$OTIME$ROPI$EBA8$MICROLIB$REQ8$PRES8$EABIv2 0x00000000   Number         0  anon$$obj.o ABSOLUTE
    __ARM_use_no_argv                        0x00000000   Number         0  main.o ABSOLUTE
    __use_no_errno                           0x00000000   Number         0  useno.o ABSOLUTE
    __use_no_exception_handling              0x00000000   Number         0  useno.o ABSOLUTE
    __use_no_fp                              0x00000000   Number         0  useno.o ABSOLUTE
    __use_no_heap                            0x00000000   Number         0  useno.o ABSOLUTE
    __use_no_heap_region                     0x00000000   Number         0  useno.o ABSOLUTE
    __use_no_semihosting                     0x00000000   Number         0  useno.o ABSOLUTE
    __use_no_semihosting_swi                 0x00000000   Number         0  useno.o ABSOLUTE
    __use_no_signal_handling                 0x00000000   Number         0  useno.o ABSOLUTE
    _printf_a                                0x00000000   Number         0  stubs.o ABSOLUTE
    _printf_c                                0x00000000   Number         0  stubs.o ABSOLUTE
    _printf_charcount                        0x00000000   Number         0  stubs.o ABSOLUTE
    _printf_d                                0x00000000   Number         0  stubs.o ABSOLUTE
    _printf_e                                0x00000000   Number         0  stubs.o ABSOLUTE
    _printf_f                                0x00000000   Number         0  stubs.o ABSOLUTE
    _printf_flags                            0x00000000   Number         0  stubs.o ABSOLUTE
    _printf_fp_dec                           0x00000000   Number         0  stubs.o ABSOLUTE
    _printf_fp_hex                           0x00000000   Number         0  stubs.o ABSOLUTE
    _printf_g                                0x00000000   Number         0  stubs.o ABSOLUTE
    _printf_i                                0x00000000   Number         0  stubs.o ABSOLUTE
    _printf_int_dec                          0x00000000   Number         0  stubs.o ABSOLUTE
    _printf_l                                0x00000000   Number         0  stubs.o ABSOLUTE
    _printf_lc                               0x00000000   Number         0  stubs.o ABSOLUTE
    _printf_ll                               0x00000000   Number         0  stubs.o ABSOLUTE
    _printf_lld                              0x00000000   Number         0  stubs.o ABSOLUTE
    _printf_lli                              0x00000000   Number         0  stubs.o ABSOLUTE
    _printf_llo                              0x00000000   Number         0  stubs.o ABSOLUTE
    _printf_llu                              0x00000000   Number         0  stubs.o ABSOLUTE
    _printf_llx                              0x00000000   Number         0  stubs.o ABSOLUTE
    _printf_longlong_dec                     0x00000000   Number         0  stubs.o ABSOLUTE
    _printf_longlong_hex                     0x00000000   Number         0  stubs.o ABSOLUTE
    _printf_longlong_oct                     0x00000000   Number         0  stubs.o ABSOLUTE
    _printf_ls                               0x00000000   Number         0  stubs.o ABSOLUTE
    _printf_mbtowc                           0x00000000   Number         0  stubs.o ABSOLUTE
    _printf_n                                0x00000000   Number         0  stubs.o ABSOLUTE
    _printf_o                                0x00000000   Number         0  stubs.o ABSOLUTE
    _printf_p                                0x00000000   Number         0  stubs.o ABSOLUTE
    _printf_percent                          0x00000000   Number         0  stubs.o ABSOLUTE
    _printf_pre_padding                      0x00000000   Number         0  stubs.o ABSOLUTE
    _printf_return_value                     0x00000000   Number         0  stubs.o ABSOLUTE
    _printf_s                                0x00000000   Number         0  stubs.o ABSOLUTE
    _printf_sizespec                         0x00000000   Number         0  stubs.o ABSOLUTE
    _printf_str                              0x00000000   Number         0  stubs.o ABSOLUTE
    _printf_truncate_signed                  0x00000000   Number         0  stubs.o ABSOLUTE
    _printf_truncate_unsigned                0x00000000   Number         0  stubs.o ABSOLUTE
    _printf_u                                0x00000000   Number         0  stubs.o ABSOLUTE
    _printf_wc                               0x00000000   Number         0  stubs.o ABSOLUTE
    _printf_wctomb                           0x00000000   Number         0  stubs.o ABSOLUTE
    _printf_widthprec                        0x00000000   Number         0  stubs.o ABSOLUTE
    _printf_x                                0x00000000   Number         0  stubs.o ABSOLUTE
    __cpp_initialize__aeabi_                  - Undefined Weak Reference
    __cxa_finalize                            - Undefined Weak Reference
    __decompress                              - Undefined Weak Reference
    _clock_init                               - Undefined Weak Reference
    _microlib_exit                            - Undefined Weak Reference
    __Vectors_Size                           0x000000c0   Number         0  startup_stm32f0xx.o ABSOLUTE
    __Vectors                                0x08000000   Data           4  startup_stm32f0xx.o(RESET)
    __Vectors_End                            0x080000c0   Data           0  startup_stm32f0xx.o(RESET)
    __main                                   0x080000c1   Thumb Code     0  entry.o(.ARM.Collect$$$$00000000)
    _main_stk                                0x080000c1   Thumb Code     0  entry2.o(.ARM.Collect$$$$00000001)
    _main_scatterload                        0x080000c5   Thumb Code     0  entry5.o(.ARM.Collect$$$$00000004)
    __main_after_scatterload                 0x080000c9   Thumb Code     0  entry5.o(.ARM.Collect$$$$00000004)
    _main_clock                              0x080000c9   Thumb Code     0  entry7b.o(.ARM.Collect$$$$00000008)
    _main_cpp_init                           0x080000c9   Thumb Code     0  entry8b.o(.ARM.Collect$$$$0000000A)
    _main_init                               0x080000c9   Thumb Code     0  entry9a.o(.ARM.Collect$$$$0000000B)
    __rt_final_cpp                           0x080000d1   Thumb Code     0  entry10a.o(.ARM.Collect$$$$0000000D)
    __rt_final_exit                          0x080000d1   Thumb Code     0  entry11a.o(.ARM.Collect$$$$0000000F)
    Reset_Handler                            0x080000d5   Thumb Code     8  startup_stm32f0xx.o(.text)
    ADC1_COMP_IRQHandler                     0x080000e7   Thumb Code     0  startup_stm32f0xx.o(.text)
    CEC_IRQHandler                           0x080000e7   Thumb Code     0  startup_stm32f0xx.o(.text)
    DMA1_Channel1_IRQHandler                 0x080000e7   Thumb Code     0  startup_stm32f0xx.o(.text)
    DMA1_Channel2_3_IRQHandler               0x080000e7   Thumb Code     0  startup_stm32f0xx.o(.text)
    DMA1_Channel4_5_IRQHandler               0x080000e7   Thumb Code     0  startup_stm32f0xx.o(.text)
    EXTI0_1_IRQHandler                       0x080000e7   Thumb Code     0  startup_stm32f0xx.o(.text)
    EXTI2_3_IRQHandler                       0x080000e7   Thumb Code     0  startup_stm32f0xx.o(.text)
    FLASH_IRQHandler                         0x080000e7   Thumb Code     0  startup_stm32f0xx.o(.text)
    I2C1_IRQHandler                          0x080000e7   Thumb Code     0  startup_stm32f0xx.o(.text)
    I2C2_IRQHandler                          0x080000e7   Thumb Code     0  startup_stm32f0xx.o(.text)
    PVD_IRQHandler                           0x080000e7   Thumb Code     0  startup_stm32f0xx.o(.text)
    RCC_IRQHandler                           0x080000e7   Thumb Code     0  startup_stm32f0xx.o(.text)
    RTC_IRQHandler                           0x080000e7   Thumb Code     0  startup_stm32f0xx.o(.text)
    SPI1_IRQHandler                          0x080000e7   Thumb Code     0  startup_stm32f0xx.o(.text)
    SPI2_IRQHandler                          0x080000e7   Thumb Code     0  startup_stm32f0xx.o(.text)
    TIM15_IRQHandler                         0x080000e7   Thumb Code     0  startup_stm32f0xx.o(.text)
    TIM17_IRQHandler                         0x080000e7   Thumb Code     0  startup_stm32f0xx.o(.text)
    TIM1_CC_IRQHandler                       0x080000e7   Thumb Code     0  startup_stm32f0xx.o(.text)
    TIM2_IRQHandler                          0x080000e7   Thumb Code     0  startup_stm32f0xx.o(.text)
    TIM6_DAC_IRQHandler                      0x080000e7   Thumb Code     0  startup_stm32f0xx.o(.text)
    TS_IRQHandler                            0x080000e7   Thumb Code     0  startup_stm32f0xx.o(.text)
    USART1_IRQHandler                        0x080000e7   Thumb Code     0  startup_stm32f0xx.o(.text)
    USART2_IRQHandler                        0x080000e7   Thumb Code     0  startup_stm32f0xx.o(.text)
    WWDG_IRQHandler                          0x080000e7   Thumb Code     0  startup_stm32f0xx.o(.text)
    __aeabi_uidiv                            0x080000f1   Thumb Code     0  uidiv.o(.text)
    __aeabi_uidivmod                         0x080000f1   Thumb Code    44  uidiv.o(.text)
    __aeabi_idiv                             0x0800011d   Thumb Code     0  idiv.o(.text)
    __aeabi_idivmod                          0x0800011d   Thumb Code    40  idiv.o(.text)
    __aeabi_fadd                             0x08000145   Thumb Code   162  fadd.o(.text)
    __aeabi_fsub                             0x080001e7   Thumb Code     8  fadd.o(.text)
    __aeabi_frsub                            0x080001ef   Thumb Code     8  fadd.o(.text)
    __aeabi_fmul                             0x080001f7   Thumb Code   122  fmul.o(.text)
    __aeabi_fdiv                             0x08000271   Thumb Code   124  fdiv.o(.text)
    __aeabi_dadd                             0x080002ed   Thumb Code   328  dadd.o(.text)
    __aeabi_dsub                             0x08000435   Thumb Code    12  dadd.o(.text)
    __aeabi_drsub                            0x08000441   Thumb Code    12  dadd.o(.text)
    __aeabi_dmul                             0x08000451   Thumb Code   202  dmul.o(.text)
    __aeabi_ui2f                             0x08000521   Thumb Code    14  ffltui.o(.text)
    __aeabi_ui2d                             0x08000531   Thumb Code    24  dfltui.o(.text)
    __aeabi_f2uiz                            0x0800054d   Thumb Code    40  ffixui.o(.text)
    __aeabi_d2uiz                            0x08000575   Thumb Code    50  dfixui.o(.text)
    __aeabi_f2d                              0x080005b1   Thumb Code    40  f2d.o(.text)
    __aeabi_cdrcmple                         0x080005d9   Thumb Code    38  cdrcmple.o(.text)
    __aeabi_d2f                              0x08000601   Thumb Code    56  d2f.o(.text)
    __aeabi_cfcmpeq                          0x08000639   Thumb Code     0  cfcmple.o(.text)
    __aeabi_cfcmple                          0x08000639   Thumb Code    20  cfcmple.o(.text)
    __aeabi_cfrcmple                         0x0800064d   Thumb Code    20  cfrcmple.o(.text)
    __aeabi_uldivmod                         0x08000661   Thumb Code    96  uldiv.o(.text)
    __aeabi_llsl                             0x080006c1   Thumb Code    32  llshl.o(.text)
    _ll_shift_l                              0x080006c1   Thumb Code     0  llshl.o(.text)
    __aeabi_llsr                             0x080006e1   Thumb Code    34  llushr.o(.text)
    _ll_ushift_r                             0x080006e1   Thumb Code     0  llushr.o(.text)
    __aeabi_lasr                             0x08000703   Thumb Code    38  llsshr.o(.text)
    _ll_sshift_r                             0x08000703   Thumb Code     0  llsshr.o(.text)
    __I$use$fp                               0x08000729   Thumb Code     0  iusefp.o(.text)
    _float_round                             0x08000729   Thumb Code    16  fepilogue.o(.text)
    _float_epilogue                          0x08000739   Thumb Code   114  fepilogue.o(.text)
    _double_round                            0x080007ab   Thumb Code    26  depilogue.o(.text)
    _double_epilogue                         0x080007c5   Thumb Code   164  depilogue.o(.text)
    __aeabi_ddiv                             0x08000869   Thumb Code   234  ddiv.o(.text)
    __aeabi_d2ulz                            0x08000959   Thumb Code    54  dfixul.o(.text)
    __scatterload                            0x08000999   Thumb Code    28  init.o(.text)
    __scatterload_rt2                        0x08000999   Thumb Code     0  init.o(.text)
    ADC_ChannelConfig                        0x080009bd   Thumb Code    24  stm32f0xx_adc.o(i.ADC_ChannelConfig)
    ADC_ClockModeConfig                      0x080009d5   Thumb Code     4  stm32f0xx_adc.o(i.ADC_ClockModeConfig)
    ADC_Cmd                                  0x080009d9   Thumb Code    24  stm32f0xx_adc.o(i.ADC_Cmd)
    ADC_Configuration                        0x080009f1   Thumb Code   240  analog.o(i.ADC_Configuration)
    ADC_DMACmd                               0x08000af5   Thumb Code    24  stm32f0xx_adc.o(i.ADC_DMACmd)
    ADC_DMARequestModeConfig                 0x08000b0d   Thumb Code    16  stm32f0xx_adc.o(i.ADC_DMARequestModeConfig)
    ADC_DeInit                               0x08000b1d   Thumb Code    28  stm32f0xx_adc.o(i.ADC_DeInit)
    ADC_GetCalibrationFactor                 0x08000b3d   Thumb Code    60  stm32f0xx_adc.o(i.ADC_GetCalibrationFactor)
    ADC_GetFlagStatus                        0x08000b79   Thumb Code    48  stm32f0xx_adc.o(i.ADC_GetFlagStatus)
    ADC_Init                                 0x08000ba9   Thumb Code    40  stm32f0xx_adc.o(i.ADC_Init)
    ADC_OverrunModeCmd                       0x08000bd5   Thumb Code    28  stm32f0xx_adc.o(i.ADC_OverrunModeCmd)
    ADC_StartOfConversion                    0x08000bf1   Thumb Code    10  stm32f0xx_adc.o(i.ADC_StartOfConversion)
    ADC_StructInit                           0x08000bfb   Thumb Code    16  stm32f0xx_adc.o(i.ADC_StructInit)
    Align_pos_check_proc                     0x08000c0d   Thumb Code   522  bldc.o(i.Align_pos_check_proc)
    All_Discharg                             0x08000e75   Thumb Code    74  bldc.o(i.All_Discharg)
    BLDC_GPIO_Config                         0x08000ec5   Thumb Code    94  gpio_init.o(i.BLDC_GPIO_Config)
    BemfCheck                                0x08000f29   Thumb Code   174  analog.o(i.BemfCheck)
    Cal_AverCurrent                          0x08000fe5   Thumb Code   186  analog.o(i.Cal_AverCurrent)
    CalcSpeedTime                            0x080010c9   Thumb Code    88  pi_cale.o(i.CalcSpeedTime)
    Charger                                  0x08001135   Thumb Code   128  bldc.o(i.Charger)
    DMA_Cmd                                  0x080011bd   Thumb Code    24  stm32f0xx_dma.o(i.DMA_Cmd)
    DMA_DeInit                               0x080011d9   Thumb Code   208  stm32f0xx_dma.o(i.DMA_DeInit)
    DMA_Init                                 0x080012b1   Thumb Code    58  stm32f0xx_dma.o(i.DMA_Init)
    Delay_ms                                 0x080012f1   Thumb Code    28  sysconfig.o(i.Delay_ms)
    EXTI4_15_IRQHandler                      0x08001311   Thumb Code   146  gpio_init.o(i.EXTI4_15_IRQHandler)
    EXTI_ClearITPendingBit                   0x080013d1   Thumb Code     6  stm32f0xx_exti.o(i.EXTI_ClearITPendingBit)
    EXTI_GetITStatus                         0x080013dd   Thumb Code    22  stm32f0xx_exti.o(i.EXTI_GetITStatus)
    EXTI_Init                                0x080013f9   Thumb Code   132  stm32f0xx_exti.o(i.EXTI_Init)
    EnterDragInit                            0x08001481   Thumb Code    20  bldc.o(i.EnterDragInit)
    EnterRunInit                             0x080014a1   Thumb Code    54  bldc.o(i.EnterRunInit)
    Exti_Config                              0x080014ed   Thumb Code   132  gpio_init.o(i.Exti_Config)
    FaultMotor_Stall                         0x08001575   Thumb Code   234  analog.o(i.FaultMotor_Stall)
    Fault_Detection                          0x080016d9   Thumb Code    12  analog.o(i.Fault_Detection)
    Fault_OverUnderVoltage                   0x080016e5   Thumb Code    92  analog.o(i.Fault_OverUnderVoltage)
    GPIO_Init                                0x0800177d   Thumb Code   144  stm32f0xx_gpio.o(i.GPIO_Init)
    GPIO_PinAFConfig                         0x0800180d   Thumb Code    68  stm32f0xx_gpio.o(i.GPIO_PinAFConfig)
    GPIO_ReadInputDataBit                    0x08001851   Thumb Code    20  stm32f0xx_gpio.o(i.GPIO_ReadInputDataBit)
    GetComparatorState                       0x08001865   Thumb Code   234  bldc.o(i.GetComparatorState)
    Get_KRM_Actual_RPM                       0x08001959   Thumb Code   114  pi_cale.o(i.Get_KRM_Actual_RPM)
    HardFault_Handler                        0x080019dd   Thumb Code     4  stm32f0xx_it.o(i.HardFault_Handler)
    Init_EXT                                 0x080019e1   Thumb Code   256  bldc.o(i.Init_EXT)
    Instant_Current_Cale                     0x08001ae9   Thumb Code    26  analog.o(i.Instant_Current_Cale)
    MOS_Q15PWM                               0x08001b11   Thumb Code    94  timer.o(i.MOS_Q15PWM)
    MOS_Q16PWM                               0x08001b79   Thumb Code    94  timer.o(i.MOS_Q16PWM)
    MOS_Q24PWM                               0x08001be1   Thumb Code    94  timer.o(i.MOS_Q24PWM)
    MOS_Q26PWM                               0x08001c49   Thumb Code    94  timer.o(i.MOS_Q26PWM)
    MOS_Q34PWM                               0x08001cb1   Thumb Code    94  timer.o(i.MOS_Q34PWM)
    MOS_Q35PWM                               0x08001d19   Thumb Code    94  timer.o(i.MOS_Q35PWM)
    ManulStartup_Turn                        0x08001d81   Thumb Code    68  bldc.o(i.ManulStartup_Turn)
    MotorAlignment                           0x08001dc9   Thumb Code    66  bldc.o(i.MotorAlignment)
    MotorControl                             0x08001e11   Thumb Code   302  bldc.o(i.MotorControl)
    MotorInit                                0x08001fa9   Thumb Code   182  bldc.o(i.MotorInit)
    MotorStop                                0x080020a1   Thumb Code   204  bldc.o(i.MotorStop)
    NMI_Handler                              0x0800218d   Thumb Code     2  stm32f0xx_it.o(i.NMI_Handler)
    NVIC_Init                                0x08002191   Thumb Code   106  stm32f0xx_misc.o(i.NVIC_Init)
    PIDParament_Init                         0x08002201   Thumb Code    36  pi_cale.o(i.PIDParament_Init)
    PID_bldcSpeedControl                     0x0800222d   Thumb Code   188  pi_cale.o(i.PID_bldcSpeedControl)
    PendSV_Handler                           0x080022f1   Thumb Code     2  stm32f0xx_it.o(i.PendSV_Handler)
    RCC_AHBPeriphClockCmd                    0x080022f5   Thumb Code    28  stm32f0xx_rcc.o(i.RCC_AHBPeriphClockCmd)
    RCC_APB1PeriphClockCmd                   0x08002315   Thumb Code    28  stm32f0xx_rcc.o(i.RCC_APB1PeriphClockCmd)
    RCC_APB1PeriphResetCmd                   0x08002335   Thumb Code    28  stm32f0xx_rcc.o(i.RCC_APB1PeriphResetCmd)
    RCC_APB2PeriphClockCmd                   0x08002355   Thumb Code    28  stm32f0xx_rcc.o(i.RCC_APB2PeriphClockCmd)
    RCC_APB2PeriphResetCmd                   0x08002375   Thumb Code    28  stm32f0xx_rcc.o(i.RCC_APB2PeriphResetCmd)
    RCC_GetClocksFreq                        0x08002395   Thumb Code   468  stm32f0xx_rcc.o(i.RCC_GetClocksFreq)
    RCC_USARTCLKConfig                       0x08002585   Thumb Code    48  stm32f0xx_rcc.o(i.RCC_USARTCLKConfig)
    SVC_Handler                              0x080025b9   Thumb Code     2  stm32f0xx_it.o(i.SVC_Handler)
    SYSCFG_EXTILineConfig                    0x080025bd   Thumb Code    60  stm32f0xx_syscfg.o(i.SYSCFG_EXTILineConfig)
    SpeedController                          0x080026cd   Thumb Code   202  pi_cale.o(i.SpeedController)
    StartupDrag                              0x0800280d   Thumb Code   154  bldc.o(i.StartupDrag)
    Startup_Turn                             0x080028b5   Thumb Code   320  bldc.o(i.Startup_Turn)
    SysTick_Handler                          0x080029fd   Thumb Code     2  stm32f0xx_it.o(i.SysTick_Handler)
    SystemInit                               0x08002a01   Thumb Code   110  system_stm32f0xx.o(i.SystemInit)
    TIM14_Config                             0x08002a7d   Thumb Code   106  timer.o(i.TIM14_Config)
    TIM14_IRQHandler                         0x08002aed   Thumb Code   146  timer_isr.o(i.TIM14_IRQHandler)
    TIM16_Config                             0x08002b8d   Thumb Code    98  timer.o(i.TIM16_Config)
    TIM16_IRQHandler                         0x08002bf9   Thumb Code    74  timer_isr.o(i.TIM16_IRQHandler)
    TIM1_BRK_UP_TRG_COM_IRQHandler           0x08002c55   Thumb Code   182  timer_isr.o(i.TIM1_BRK_UP_TRG_COM_IRQHandler)
    TIM1_Config                              0x08002d31   Thumb Code   508  timer.o(i.TIM1_Config)
    TIM3_Config                              0x08002f39   Thumb Code    98  timer.o(i.TIM3_Config)
    TIM3_IRQHandler                          0x08002fa5   Thumb Code    24  timer_isr.o(i.TIM3_IRQHandler)
    TIM_ARRPreloadConfig                     0x08002fc1   Thumb Code    24  stm32f0xx_tim.o(i.TIM_ARRPreloadConfig)
    TIM_BDTRConfig                           0x08002fdd   Thumb Code    32  stm32f0xx_tim.o(i.TIM_BDTRConfig)
    TIM_CCxCmd                               0x08002ffd   Thumb Code    30  stm32f0xx_tim.o(i.TIM_CCxCmd)
    TIM_CCxNCmd                              0x0800301b   Thumb Code    30  stm32f0xx_tim.o(i.TIM_CCxNCmd)
    TIM_ClearFlag                            0x08003039   Thumb Code     6  stm32f0xx_tim.o(i.TIM_ClearFlag)
    TIM_ClearITPendingBit                    0x0800303f   Thumb Code     6  stm32f0xx_tim.o(i.TIM_ClearITPendingBit)
    TIM_Cmd                                  0x08003045   Thumb Code    24  stm32f0xx_tim.o(i.TIM_Cmd)
    TIM_CtrlPWMOutputs                       0x08003061   Thumb Code    34  stm32f0xx_tim.o(i.TIM_CtrlPWMOutputs)
    TIM_DeInit                               0x08003085   Thumb Code   228  stm32f0xx_tim.o(i.TIM_DeInit)
    TIM_GetITStatus                          0x08003189   Thumb Code    38  stm32f0xx_tim.o(i.TIM_GetITStatus)
    TIM_ITConfig                             0x080031af   Thumb Code    20  stm32f0xx_tim.o(i.TIM_ITConfig)
    TIM_OC1Init                              0x080031c5   Thumb Code   122  stm32f0xx_tim.o(i.TIM_OC1Init)
    TIM_OC1NPolarityConfig                   0x08003259   Thumb Code    20  stm32f0xx_tim.o(i.TIM_OC1NPolarityConfig)
    TIM_OC1PolarityConfig                    0x08003271   Thumb Code    20  stm32f0xx_tim.o(i.TIM_OC1PolarityConfig)
    TIM_OC2Init                              0x08003289   Thumb Code   142  stm32f0xx_tim.o(i.TIM_OC2Init)
    TIM_OC2NPolarityConfig                   0x08003335   Thumb Code    20  stm32f0xx_tim.o(i.TIM_OC2NPolarityConfig)
    TIM_OC2PolarityConfig                    0x0800334d   Thumb Code    20  stm32f0xx_tim.o(i.TIM_OC2PolarityConfig)
    TIM_OC3Init                              0x08003365   Thumb Code   124  stm32f0xx_tim.o(i.TIM_OC3Init)
    TIM_OC3NPolarityConfig                   0x080033fd   Thumb Code    20  stm32f0xx_tim.o(i.TIM_OC3NPolarityConfig)
    TIM_OC3PolarityConfig                    0x08003415   Thumb Code    20  stm32f0xx_tim.o(i.TIM_OC3PolarityConfig)
    TIM_OC4Init                              0x0800342d   Thumb Code    88  stm32f0xx_tim.o(i.TIM_OC4Init)
    TIM_PrescalerConfig                      0x0800349d   Thumb Code     6  stm32f0xx_tim.o(i.TIM_PrescalerConfig)
    TIM_SelectOutputTrigger                  0x080034a5   Thumb Code    16  stm32f0xx_tim.o(i.TIM_SelectOutputTrigger)
    TIM_SetCounter                           0x080034b9   Thumb Code     4  stm32f0xx_tim.o(i.TIM_SetCounter)
    TIM_TimeBaseInit                         0x080034bd   Thumb Code    90  stm32f0xx_tim.o(i.TIM_TimeBaseInit)
    USART1_Config                            0x08003539   Thumb Code   246  usart.o(i.USART1_Config)
    USART_ClearFlag                          0x08003649   Thumb Code     4  stm32f0xx_usart.o(i.USART_ClearFlag)
    USART_Cmd                                0x0800364d   Thumb Code    24  stm32f0xx_usart.o(i.USART_Cmd)
    USART_DMACmd                             0x08003665   Thumb Code    20  stm32f0xx_usart.o(i.USART_DMACmd)
    USART_DeInit                             0x08003679   Thumb Code   108  stm32f0xx_usart.o(i.USART_DeInit)
    USART_ITConfig                           0x080036f5   Thumb Code    66  stm32f0xx_usart.o(i.USART_ITConfig)
    USART_Init                               0x08003739   Thumb Code   214  stm32f0xx_usart.o(i.USART_Init)
    USART_SendData                           0x08003821   Thumb Code     8  stm32f0xx_usart.o(i.USART_SendData)
    UV_W_phase_inject                        0x08003829   Thumb Code   104  bldc.o(i.UV_W_phase_inject)
    U_VW_phase_inject                        0x080038a1   Thumb Code   120  bldc.o(i.U_VW_phase_inject)
    UserSpeedControl                         0x08003929   Thumb Code   122  bldc.o(i.UserSpeedControl)
    VW_U_phase_inject                        0x080039bd   Thumb Code   104  bldc.o(i.VW_U_phase_inject)
    V_WU_phase_inject                        0x08003a35   Thumb Code   120  bldc.o(i.V_WU_phase_inject)
    WU_V_phase_inject                        0x08003abd   Thumb Code   104  bldc.o(i.WU_V_phase_inject)
    W_UV_phase_inject                        0x08003b35   Thumb Code   118  bldc.o(i.W_UV_phase_inject)
    __0printf                                0x08003bbd   Thumb Code    24  printfa.o(i.__0printf)
    __1printf                                0x08003bbd   Thumb Code     0  printfa.o(i.__0printf)
    __2printf                                0x08003bbd   Thumb Code     0  printfa.o(i.__0printf)
    __c89printf                              0x08003bbd   Thumb Code     0  printfa.o(i.__0printf)
    printf                                   0x08003bbd   Thumb Code     0  printfa.o(i.__0printf)
    __ARM_clz                                0x08003bdd   Thumb Code    46  depilogue.o(i.__ARM_clz)
    __ARM_common_switch8                     0x08003c0b   Thumb Code    28  analog.o(i.__ARM_common_switch8)
    __scatterload_copy                       0x08003c27   Thumb Code    14  handlers.o(i.__scatterload_copy)
    __scatterload_null                       0x08003c35   Thumb Code     2  handlers.o(i.__scatterload_null)
    __scatterload_zeroinit                   0x08003c37   Thumb Code    14  handlers.o(i.__scatterload_zeroinit)
    fputc                                    0x080044f1   Thumb Code    32  usart.o(i.fputc)
    main                                     0x08004515   Thumb Code    90  main.o(i.main)
    Region$$Table$$Base                      0x08004588   Number         0  anon$$obj.o(Region$$Table)
    Region$$Table$$Limit                     0x080045a8   Number         0  anon$$obj.o(Region$$Table)
    SystemCoreClock                          0x20000010   Data           4  system_stm32f0xx.o(.data)
    AHBPrescTable                            0x20000014   Data          16  system_stm32f0xx.o(.data)
    Filter_Count                             0x20000024   Data           1  analog.o(.data)
    EndTime                                  0x20000026   Data           2  analog.o(.data)
    Sysflags                                 0x20000028   Data           4  analog.o(.data)
    Current                                  0x2000002c   Data           4  analog.o(.data)
    rr                                       0x20000030   Data           2  analog.o(.data)
    rr1                                      0x20000032   Data           1  analog.o(.data)
    Run_Times                                0x20000034   Data           2  analog.o(.data)
    Falg_Waiting                             0x20000036   Data           1  analog.o(.data)
    ADCSampPare                              0x20000038   Data          76  analog.o(.data)
    UserRequireSpeed                         0x20000084   Data           4  analog.o(.data)
    Aver_Current                             0x20000088   Data           4  analog.o(.data)
    DC_TotalCurrent                          0x2000008c   Data           4  analog.o(.data)
    RegularConvData_Tab                      0x20000090   Data           8  analog.o(.data)
    Flag_Stall                               0x20000098   Data           1  analog.o(.data)
    DELTADUTYCYCLE                           0x20000099   Data           1  analog.o(.data)
    Flag_Compensata                          0x2000009a   Data           1  analog.o(.data)
    V_bus_Compensata                         0x2000009c   Data           2  analog.o(.data)
    Global_Current                           0x2000009e   Data           2  analog.o(.data)
    U_Bemf                                   0x200000a0   Data           2  analog.o(.data)
    V_Bemf                                   0x200000a2   Data           2  analog.o(.data)
    W_Bemf                                   0x200000a4   Data           2  analog.o(.data)
    motor_a_stall_cnt                        0x200000a6   Data           2  analog.o(.data)
    motor_b_stall_cnt                        0x200000a8   Data           2  analog.o(.data)
    motor_c_stall_cnt                        0x200000aa   Data           2  analog.o(.data)
    Filter_Coff                              0x200000ac   Data           2  analog.o(.data)
    FILTER_LONG                              0x200000ae   Data           1  analog.o(.data)
    DelayTime_Star                           0x200000b0   Data           2  analog.o(.data)
    __stdout                                 0x200000bc   Data           4  usart.o(.data)
    ADCIntProtectCnt                         0x200000c0   Data           2  timer_isr.o(.data)
    TuneDutyRatioCnt                         0x200000c2   Data           2  timer_isr.o(.data)
    Charger_Time                             0x200000c4   Data           1  timer_isr.o(.data)
    Debug_cnt                                0x200000c6   Data           2  timer_isr.o(.data)
    flag_SpeedTime                           0x200000c8   Data           1  pi_cale.o(.data)
    SpeedTimeCnt                             0x200000ca   Data           2  pi_cale.o(.data)
    SpeedTime                                0x200000cc   Data           2  pi_cale.o(.data)
    SpeedTimeTemp                            0x200000ce   Data           2  pi_cale.o(.data)
    SpeedTimeSum                             0x200000d0   Data           4  pi_cale.o(.data)
    Last_Speed                               0x200000d4   Data           2  pi_cale.o(.data)
    MasterState                              0x200000e8   Data           1  bldc.o(.data)
    mcState                                  0x200000e9   Data           1  bldc.o(.data)
    mcFault                                  0x200000ea   Data           1  bldc.o(.data)
    SamePhaseCnt                             0x200000ec   Data           2  bldc.o(.data)
    ADCTimeCnt                               0x200000ee   Data           2  bldc.o(.data)
    User_Speed_AD                            0x200000f0   Data           2  bldc.o(.data)
    DragTime                                 0x200000f2   Data           2  bldc.o(.data)
    pos_check_stage                          0x200000f4   Data           1  bldc.o(.data)
    Initial_stage                            0x200000f5   Data           1  bldc.o(.data)
    Flag_adc                                 0x200000f6   Data           1  bldc.o(.data)
    Flag_Charger                             0x200000f7   Data           1  bldc.o(.data)
    pos_idx                                  0x200000f8   Data           1  bldc.o(.data)
    IPD_Times                                0x200000f9   Data           1  bldc.o(.data)
    Flag_HardOverCurr                        0x200000fa   Data           1  bldc.o(.data)
    KQ                                       0x200000fc   Data           4  bldc.o(.data)
    KR                                       0x20000100   Data           4  bldc.o(.data)
    dma_buffer                               0x20000118   Data          16  usart.o(.bss)
    PID_Speed                                0x20000128   Data          32  pi_cale.o(.bss)
    MProtect                                 0x20000148   Data          18  bldc.o(.bss)
    ADC_check_buf                            0x2000015a   Data          12  bldc.o(.bss)
    Motor                                    0x20000168   Data          24  bldc.o(.bss)
    __initial_sp                             0x20000580   Data           0  startup_stm32f0xx.o(STACK)



==============================================================================

Memory Map of the image

  Image Entry point : 0x080000c1

  Load Region LR_IROM1 (Base: 0x08000000, Size: 0x000046c0, Max: 0x00008000, ABSOLUTE)

    Execution Region ER_IROM1 (Exec base: 0x08000000, Load base: 0x08000000, Size: 0x000045a8, Max: 0x00008000, ABSOLUTE)

    Exec Addr    Load Addr    Size         Type   Attr      Idx    E Section Name        Object

    0x08000000   0x08000000   0x000000c0   Data   RO            3    RESET               startup_stm32f0xx.o
    0x080000c0   0x080000c0   0x00000000   Code   RO         4405  * .ARM.Collect$$$$00000000  mc_p.l(entry.o)
    0x080000c0   0x080000c0   0x00000004   Code   RO         4701    .ARM.Collect$$$$00000001  mc_p.l(entry2.o)
    0x080000c4   0x080000c4   0x00000004   Code   RO         4704    .ARM.Collect$$$$00000004  mc_p.l(entry5.o)
    0x080000c8   0x080000c8   0x00000000   Code   RO         4706    .ARM.Collect$$$$00000008  mc_p.l(entry7b.o)
    0x080000c8   0x080000c8   0x00000000   Code   RO         4708    .ARM.Collect$$$$0000000A  mc_p.l(entry8b.o)
    0x080000c8   0x080000c8   0x00000008   Code   RO         4709    .ARM.Collect$$$$0000000B  mc_p.l(entry9a.o)
    0x080000d0   0x080000d0   0x00000000   Code   RO         4711    .ARM.Collect$$$$0000000D  mc_p.l(entry10a.o)
    0x080000d0   0x080000d0   0x00000000   Code   RO         4713    .ARM.Collect$$$$0000000F  mc_p.l(entry11a.o)
    0x080000d0   0x080000d0   0x00000004   Code   RO         4702    .ARM.Collect$$$$00002712  mc_p.l(entry2.o)
    0x080000d4   0x080000d4   0x0000001c   Code   RO            4    .text               startup_stm32f0xx.o
    0x080000f0   0x080000f0   0x0000002c   Code   RO         4408    .text               mc_p.l(uidiv.o)
    0x0800011c   0x0800011c   0x00000028   Code   RO         4410    .text               mc_p.l(idiv.o)
    0x08000144   0x08000144   0x000000b2   Code   RO         4673    .text               mf_p.l(fadd.o)
    0x080001f6   0x080001f6   0x0000007a   Code   RO         4675    .text               mf_p.l(fmul.o)
    0x08000270   0x08000270   0x0000007c   Code   RO         4677    .text               mf_p.l(fdiv.o)
    0x080002ec   0x080002ec   0x00000164   Code   RO         4679    .text               mf_p.l(dadd.o)
    0x08000450   0x08000450   0x000000d0   Code   RO         4681    .text               mf_p.l(dmul.o)
    0x08000520   0x08000520   0x0000000e   Code   RO         4683    .text               mf_p.l(ffltui.o)
    0x0800052e   0x0800052e   0x00000002   PAD
    0x08000530   0x08000530   0x0000001c   Code   RO         4685    .text               mf_p.l(dfltui.o)
    0x0800054c   0x0800054c   0x00000028   Code   RO         4687    .text               mf_p.l(ffixui.o)
    0x08000574   0x08000574   0x0000003c   Code   RO         4689    .text               mf_p.l(dfixui.o)
    0x080005b0   0x080005b0   0x00000028   Code   RO         4691    .text               mf_p.l(f2d.o)
    0x080005d8   0x080005d8   0x00000028   Code   RO         4693    .text               mf_p.l(cdrcmple.o)
    0x08000600   0x08000600   0x00000038   Code   RO         4695    .text               mf_p.l(d2f.o)
    0x08000638   0x08000638   0x00000014   Code   RO         4697    .text               mf_p.l(cfcmple.o)
    0x0800064c   0x0800064c   0x00000014   Code   RO         4699    .text               mf_p.l(cfrcmple.o)
    0x08000660   0x08000660   0x00000060   Code   RO         4715    .text               mc_p.l(uldiv.o)
    0x080006c0   0x080006c0   0x00000020   Code   RO         4717    .text               mc_p.l(llshl.o)
    0x080006e0   0x080006e0   0x00000022   Code   RO         4719    .text               mc_p.l(llushr.o)
    0x08000702   0x08000702   0x00000026   Code   RO         4721    .text               mc_p.l(llsshr.o)
    0x08000728   0x08000728   0x00000000   Code   RO         4723    .text               mc_p.l(iusefp.o)
    0x08000728   0x08000728   0x00000082   Code   RO         4724    .text               mf_p.l(fepilogue.o)
    0x080007aa   0x080007aa   0x000000be   Code   RO         4726    .text               mf_p.l(depilogue.o)
    0x08000868   0x08000868   0x000000f0   Code   RO         4730    .text               mf_p.l(ddiv.o)
    0x08000958   0x08000958   0x00000040   Code   RO         4732    .text               mf_p.l(dfixul.o)
    0x08000998   0x08000998   0x00000024   Code   RO         4734    .text               mc_p.l(init.o)
    0x080009bc   0x080009bc   0x00000018   Code   RO           17    i.ADC_ChannelConfig  stm32f0xx_adc.o
    0x080009d4   0x080009d4   0x00000004   Code   RO           20    i.ADC_ClockModeConfig  stm32f0xx_adc.o
    0x080009d8   0x080009d8   0x00000018   Code   RO           21    i.ADC_Cmd           stm32f0xx_adc.o
    0x080009f0   0x080009f0   0x00000104   Code   RO         3816    i.ADC_Configuration  analog.o
    0x08000af4   0x08000af4   0x00000018   Code   RO           23    i.ADC_DMACmd        stm32f0xx_adc.o
    0x08000b0c   0x08000b0c   0x00000010   Code   RO           24    i.ADC_DMARequestModeConfig  stm32f0xx_adc.o
    0x08000b1c   0x08000b1c   0x00000020   Code   RO           25    i.ADC_DeInit        stm32f0xx_adc.o
    0x08000b3c   0x08000b3c   0x0000003c   Code   RO           27    i.ADC_GetCalibrationFactor  stm32f0xx_adc.o
    0x08000b78   0x08000b78   0x00000030   Code   RO           29    i.ADC_GetFlagStatus  stm32f0xx_adc.o
    0x08000ba8   0x08000ba8   0x0000002c   Code   RO           32    i.ADC_Init          stm32f0xx_adc.o
    0x08000bd4   0x08000bd4   0x0000001c   Code   RO           34    i.ADC_OverrunModeCmd  stm32f0xx_adc.o
    0x08000bf0   0x08000bf0   0x0000000a   Code   RO           35    i.ADC_StartOfConversion  stm32f0xx_adc.o
    0x08000bfa   0x08000bfa   0x00000010   Code   RO           37    i.ADC_StructInit    stm32f0xx_adc.o
    0x08000c0a   0x08000c0a   0x00000002   PAD
    0x08000c0c   0x08000c0c   0x00000268   Code   RO         4250    i.Align_pos_check_proc  bldc.o
    0x08000e74   0x08000e74   0x00000050   Code   RO         4251    i.All_Discharg      bldc.o
    0x08000ec4   0x08000ec4   0x00000064   Code   RO         3972    i.BLDC_GPIO_Config  gpio_init.o
    0x08000f28   0x08000f28   0x000000bc   Code   RO         3817    i.BemfCheck         analog.o
    0x08000fe4   0x08000fe4   0x000000e4   Code   RO         3818    i.Cal_AverCurrent   analog.o
    0x080010c8   0x080010c8   0x0000006c   Code   RO         4193    i.CalcSpeedTime     pi_cale.o
    0x08001134   0x08001134   0x00000088   Code   RO         4252    i.Charger           bldc.o
    0x080011bc   0x080011bc   0x0000001c   Code   RO         1021    i.DMA_Cmd           stm32f0xx_dma.o
    0x080011d8   0x080011d8   0x000000d8   Code   RO         1022    i.DMA_DeInit        stm32f0xx_dma.o
    0x080012b0   0x080012b0   0x00000040   Code   RO         1027    i.DMA_Init          stm32f0xx_dma.o
    0x080012f0   0x080012f0   0x00000020   Code   RO         4012    i.Delay_ms          sysconfig.o
    0x08001310   0x08001310   0x000000c0   Code   RO         3973    i.EXTI4_15_IRQHandler  gpio_init.o
    0x080013d0   0x080013d0   0x0000000c   Code   RO         1100    i.EXTI_ClearITPendingBit  stm32f0xx_exti.o
    0x080013dc   0x080013dc   0x0000001c   Code   RO         1104    i.EXTI_GetITStatus  stm32f0xx_exti.o
    0x080013f8   0x080013f8   0x00000088   Code   RO         1105    i.EXTI_Init         stm32f0xx_exti.o
    0x08001480   0x08001480   0x00000020   Code   RO         4253    i.EnterDragInit     bldc.o
    0x080014a0   0x080014a0   0x0000004c   Code   RO         4254    i.EnterRunInit      bldc.o
    0x080014ec   0x080014ec   0x00000088   Code   RO         3974    i.Exti_Config       gpio_init.o
    0x08001574   0x08001574   0x00000164   Code   RO         3819    i.FaultMotor_Stall  analog.o
    0x080016d8   0x080016d8   0x0000000c   Code   RO         3820    i.Fault_Detection   analog.o
    0x080016e4   0x080016e4   0x00000098   Code   RO         3821    i.Fault_OverUnderVoltage  analog.o
    0x0800177c   0x0800177c   0x00000090   Code   RO         1362    i.GPIO_Init         stm32f0xx_gpio.o
    0x0800180c   0x0800180c   0x00000044   Code   RO         1363    i.GPIO_PinAFConfig  stm32f0xx_gpio.o
    0x08001850   0x08001850   0x00000014   Code   RO         1366    i.GPIO_ReadInputDataBit  stm32f0xx_gpio.o
    0x08001864   0x08001864   0x000000f4   Code   RO         4255    i.GetComparatorState  bldc.o
    0x08001958   0x08001958   0x00000084   Code   RO         4194    i.Get_KRM_Actual_RPM  pi_cale.o
    0x080019dc   0x080019dc   0x00000004   Code   RO         3769    i.HardFault_Handler  stm32f0xx_it.o
    0x080019e0   0x080019e0   0x00000108   Code   RO         4257    i.Init_EXT          bldc.o
    0x08001ae8   0x08001ae8   0x00000028   Code   RO         3824    i.Instant_Current_Cale  analog.o
    0x08001b10   0x08001b10   0x00000068   Code   RO         4109    i.MOS_Q15PWM        timer.o
    0x08001b78   0x08001b78   0x00000068   Code   RO         4110    i.MOS_Q16PWM        timer.o
    0x08001be0   0x08001be0   0x00000068   Code   RO         4111    i.MOS_Q24PWM        timer.o
    0x08001c48   0x08001c48   0x00000068   Code   RO         4112    i.MOS_Q26PWM        timer.o
    0x08001cb0   0x08001cb0   0x00000068   Code   RO         4113    i.MOS_Q34PWM        timer.o
    0x08001d18   0x08001d18   0x00000068   Code   RO         4114    i.MOS_Q35PWM        timer.o
    0x08001d80   0x08001d80   0x00000048   Code   RO         4258    i.ManulStartup_Turn  bldc.o
    0x08001dc8   0x08001dc8   0x00000048   Code   RO         4259    i.MotorAlignment    bldc.o
    0x08001e10   0x08001e10   0x00000198   Code   RO         4260    i.MotorControl      bldc.o
    0x08001fa8   0x08001fa8   0x000000f8   Code   RO         4261    i.MotorInit         bldc.o
    0x080020a0   0x080020a0   0x000000ec   Code   RO         4262    i.MotorStop         bldc.o
    0x0800218c   0x0800218c   0x00000002   Code   RO         3770    i.NMI_Handler       stm32f0xx_it.o
    0x0800218e   0x0800218e   0x00000002   PAD
    0x08002190   0x08002190   0x00000070   Code   RO         1775    i.NVIC_Init         stm32f0xx_misc.o
    0x08002200   0x08002200   0x0000002c   Code   RO         4195    i.PIDParament_Init  pi_cale.o
    0x0800222c   0x0800222c   0x000000c4   Code   RO         4196    i.PID_bldcSpeedControl  pi_cale.o
    0x080022f0   0x080022f0   0x00000002   Code   RO         3771    i.PendSV_Handler    stm32f0xx_it.o
    0x080022f2   0x080022f2   0x00000002   PAD
    0x080022f4   0x080022f4   0x00000020   Code   RO         1882    i.RCC_AHBPeriphClockCmd  stm32f0xx_rcc.o
    0x08002314   0x08002314   0x00000020   Code   RO         1884    i.RCC_APB1PeriphClockCmd  stm32f0xx_rcc.o
    0x08002334   0x08002334   0x00000020   Code   RO         1885    i.RCC_APB1PeriphResetCmd  stm32f0xx_rcc.o
    0x08002354   0x08002354   0x00000020   Code   RO         1886    i.RCC_APB2PeriphClockCmd  stm32f0xx_rcc.o
    0x08002374   0x08002374   0x00000020   Code   RO         1887    i.RCC_APB2PeriphResetCmd  stm32f0xx_rcc.o
    0x08002394   0x08002394   0x000001f0   Code   RO         1896    i.RCC_GetClocksFreq  stm32f0xx_rcc.o
    0x08002584   0x08002584   0x00000034   Code   RO         1919    i.RCC_USARTCLKConfig  stm32f0xx_rcc.o
    0x080025b8   0x080025b8   0x00000002   Code   RO         3772    i.SVC_Handler       stm32f0xx_it.o
    0x080025ba   0x080025ba   0x00000002   PAD
    0x080025bc   0x080025bc   0x00000040   Code   RO         2677    i.SYSCFG_EXTILineConfig  stm32f0xx_syscfg.o
    0x080025fc   0x080025fc   0x000000d0   Code   RO         3673    i.SetSysClock       system_stm32f0xx.o
    0x080026cc   0x080026cc   0x00000140   Code   RO         4197    i.SpeedController   pi_cale.o
    0x0800280c   0x0800280c   0x000000a8   Code   RO         4263    i.StartupDrag       bldc.o
    0x080028b4   0x080028b4   0x00000148   Code   RO         4264    i.Startup_Turn      bldc.o
    0x080029fc   0x080029fc   0x00000002   Code   RO         3773    i.SysTick_Handler   stm32f0xx_it.o
    0x080029fe   0x080029fe   0x00000002   PAD
    0x08002a00   0x08002a00   0x0000007c   Code   RO         3675    i.SystemInit        system_stm32f0xx.o
    0x08002a7c   0x08002a7c   0x00000070   Code   RO         4116    i.TIM14_Config      timer.o
    0x08002aec   0x08002aec   0x000000a0   Code   RO         4065    i.TIM14_IRQHandler  timer_isr.o
    0x08002b8c   0x08002b8c   0x0000006c   Code   RO         4117    i.TIM16_Config      timer.o
    0x08002bf8   0x08002bf8   0x0000005c   Code   RO         4066    i.TIM16_IRQHandler  timer_isr.o
    0x08002c54   0x08002c54   0x000000dc   Code   RO         4067    i.TIM1_BRK_UP_TRG_COM_IRQHandler  timer_isr.o
    0x08002d30   0x08002d30   0x00000208   Code   RO         4118    i.TIM1_Config       timer.o
    0x08002f38   0x08002f38   0x0000006c   Code   RO         4119    i.TIM3_Config       timer.o
    0x08002fa4   0x08002fa4   0x0000001c   Code   RO         4068    i.TIM3_IRQHandler   timer_isr.o
    0x08002fc0   0x08002fc0   0x0000001c   Code   RO         2739    i.TIM_ARRPreloadConfig  stm32f0xx_tim.o
    0x08002fdc   0x08002fdc   0x00000020   Code   RO         2740    i.TIM_BDTRConfig    stm32f0xx_tim.o
    0x08002ffc   0x08002ffc   0x0000001e   Code   RO         2743    i.TIM_CCxCmd        stm32f0xx_tim.o
    0x0800301a   0x0800301a   0x0000001e   Code   RO         2744    i.TIM_CCxNCmd       stm32f0xx_tim.o
    0x08003038   0x08003038   0x00000006   Code   RO         2745    i.TIM_ClearFlag     stm32f0xx_tim.o
    0x0800303e   0x0800303e   0x00000006   Code   RO         2746    i.TIM_ClearITPendingBit  stm32f0xx_tim.o
    0x08003044   0x08003044   0x0000001c   Code   RO         2751    i.TIM_Cmd           stm32f0xx_tim.o
    0x08003060   0x08003060   0x00000022   Code   RO         2753    i.TIM_CtrlPWMOutputs  stm32f0xx_tim.o
    0x08003082   0x08003082   0x00000002   PAD
    0x08003084   0x08003084   0x00000104   Code   RO         2756    i.TIM_DeInit        stm32f0xx_tim.o
    0x08003188   0x08003188   0x00000026   Code   RO         2772    i.TIM_GetITStatus   stm32f0xx_tim.o
    0x080031ae   0x080031ae   0x00000014   Code   RO         2776    i.TIM_ITConfig      stm32f0xx_tim.o
    0x080031c2   0x080031c2   0x00000002   PAD
    0x080031c4   0x080031c4   0x00000094   Code   RO         2780    i.TIM_OC1Init       stm32f0xx_tim.o
    0x08003258   0x08003258   0x00000018   Code   RO         2781    i.TIM_OC1NPolarityConfig  stm32f0xx_tim.o
    0x08003270   0x08003270   0x00000018   Code   RO         2782    i.TIM_OC1PolarityConfig  stm32f0xx_tim.o
    0x08003288   0x08003288   0x000000ac   Code   RO         2785    i.TIM_OC2Init       stm32f0xx_tim.o
    0x08003334   0x08003334   0x00000018   Code   RO         2786    i.TIM_OC2NPolarityConfig  stm32f0xx_tim.o
    0x0800334c   0x0800334c   0x00000018   Code   RO         2787    i.TIM_OC2PolarityConfig  stm32f0xx_tim.o
    0x08003364   0x08003364   0x00000098   Code   RO         2790    i.TIM_OC3Init       stm32f0xx_tim.o
    0x080033fc   0x080033fc   0x00000018   Code   RO         2791    i.TIM_OC3NPolarityConfig  stm32f0xx_tim.o
    0x08003414   0x08003414   0x00000018   Code   RO         2792    i.TIM_OC3PolarityConfig  stm32f0xx_tim.o
    0x0800342c   0x0800342c   0x00000070   Code   RO         2795    i.TIM_OC4Init       stm32f0xx_tim.o
    0x0800349c   0x0800349c   0x00000006   Code   RO         2800    i.TIM_PrescalerConfig  stm32f0xx_tim.o
    0x080034a2   0x080034a2   0x00000002   PAD
    0x080034a4   0x080034a4   0x00000014   Code   RO         2810    i.TIM_SelectOutputTrigger  stm32f0xx_tim.o
    0x080034b8   0x080034b8   0x00000004   Code   RO         2818    i.TIM_SetCounter    stm32f0xx_tim.o
    0x080034bc   0x080034bc   0x0000007c   Code   RO         2824    i.TIM_TimeBaseInit  stm32f0xx_tim.o
    0x08003538   0x08003538   0x00000110   Code   RO         3935    i.USART1_Config     usart.o
    0x08003648   0x08003648   0x00000004   Code   RO         3306    i.USART_ClearFlag   stm32f0xx_usart.o
    0x0800364c   0x0800364c   0x00000018   Code   RO         3310    i.USART_Cmd         stm32f0xx_usart.o
    0x08003664   0x08003664   0x00000014   Code   RO         3313    i.USART_DMACmd      stm32f0xx_usart.o
    0x08003678   0x08003678   0x0000007c   Code   RO         3316    i.USART_DeInit      stm32f0xx_usart.o
    0x080036f4   0x080036f4   0x00000042   Code   RO         3321    i.USART_ITConfig    stm32f0xx_usart.o
    0x08003736   0x08003736   0x00000002   PAD
    0x08003738   0x08003738   0x000000e8   Code   RO         3322    i.USART_Init        stm32f0xx_usart.o
    0x08003820   0x08003820   0x00000008   Code   RO         3339    i.USART_SendData    stm32f0xx_usart.o
    0x08003828   0x08003828   0x00000078   Code   RO         4265    i.UV_W_phase_inject  bldc.o
    0x080038a0   0x080038a0   0x00000088   Code   RO         4266    i.U_VW_phase_inject  bldc.o
    0x08003928   0x08003928   0x00000094   Code   RO         4267    i.UserSpeedControl  bldc.o
    0x080039bc   0x080039bc   0x00000078   Code   RO         4268    i.VW_U_phase_inject  bldc.o
    0x08003a34   0x08003a34   0x00000088   Code   RO         4269    i.V_WU_phase_inject  bldc.o
    0x08003abc   0x08003abc   0x00000078   Code   RO         4270    i.WU_V_phase_inject  bldc.o
    0x08003b34   0x08003b34   0x00000088   Code   RO         4271    i.W_UV_phase_inject  bldc.o
    0x08003bbc   0x08003bbc   0x00000020   Code   RO         4645    i.__0printf         mc_p.l(printfa.o)
    0x08003bdc   0x08003bdc   0x0000002e   Code   RO         4728    i.__ARM_clz         mf_p.l(depilogue.o)
    0x08003c0a   0x08003c0a   0x0000001c   Code   RO         3894    i.__ARM_common_switch8  analog.o
    0x08003c26   0x08003c26   0x0000000e   Code   RO         4738    i.__scatterload_copy  mc_p.l(handlers.o)
    0x08003c34   0x08003c34   0x00000002   Code   RO         4739    i.__scatterload_null  mc_p.l(handlers.o)
    0x08003c36   0x08003c36   0x0000000e   Code   RO         4740    i.__scatterload_zeroinit  mc_p.l(handlers.o)
    0x08003c44   0x08003c44   0x00000174   Code   RO         4652    i._fp_digits        mc_p.l(printfa.o)
    0x08003db8   0x08003db8   0x000006ec   Code   RO         4653    i._printf_core      mc_p.l(printfa.o)
    0x080044a4   0x080044a4   0x00000020   Code   RO         4654    i._printf_post_padding  mc_p.l(printfa.o)
    0x080044c4   0x080044c4   0x0000002c   Code   RO         4655    i._printf_pre_padding  mc_p.l(printfa.o)
    0x080044f0   0x080044f0   0x00000024   Code   RO         3936    i.fputc             usart.o
    0x08004514   0x08004514   0x00000074   Code   RO         3710    i.main              main.o
    0x08004588   0x08004588   0x00000020   Data   RO         4736    Region$$Table       anon$$obj.o


    Execution Region RW_IRAM1 (Exec base: 0x20000000, Load base: 0x080045a8, Size: 0x00000580, Max: 0x00001000, ABSOLUTE)

    Exec Addr    Load Addr    Size         Type   Attr      Idx    E Section Name        Object

    0x20000000   0x080045a8   0x00000010   Data   RW         1922    .data               stm32f0xx_rcc.o
    0x20000010   0x080045b8   0x00000014   Data   RW         3676    .data               system_stm32f0xx.o
    0x20000024   0x080045cc   0x00000095   Data   RW         3827    .data               analog.o
    0x200000b9   0x08004661   0x00000003   PAD
    0x200000bc   0x08004664   0x00000004   Data   RW         3938    .data               usart.o
    0x200000c0   0x08004668   0x00000008   Data   RW         4069    .data               timer_isr.o
    0x200000c8   0x08004670   0x00000020   Data   RW         4199    .data               pi_cale.o
    0x200000e8   0x08004690   0x00000030   Data   RW         4273    .data               bldc.o
    0x20000118        -       0x00000010   Zero   RW         3937    .bss                usart.o
    0x20000128        -       0x00000020   Zero   RW         4198    .bss                pi_cale.o
    0x20000148        -       0x00000038   Zero   RW         4272    .bss                bldc.o
    0x20000180        -       0x00000400   Zero   RW            1    STACK               startup_stm32f0xx.o


==============================================================================

Image component sizes


      Code (inc. data)   RO Data    RW Data    ZI Data      Debug   Object Name

      1264        282          0        149          0       6979   analog.o
      3896        580          0         48         56      14624   bldc.o
       428         56          0          0          0       1643   gpio_init.o
       116         26          0          0          0        487   main.o
       800        172          0         32         32       3886   pi_cale.o
        28          8        192          0       1024        740   startup_stm32f0xx.o
       330          8          0          0          0     221485   stm32f0xx_adc.o
       308         18          0          0          0       2970   stm32f0xx_dma.o
       176         16          0          0          0       2240   stm32f0xx_exti.o
       232          0          0          0          0       2555   stm32f0xx_gpio.o
        12          0          0          0          0       2083   stm32f0xx_it.o
       112          6          0          0          0       1012   stm32f0xx_misc.o
       708         52          0         16          0       5589   stm32f0xx_rcc.o
        64          4          0          0          0        668   stm32f0xx_syscfg.o
      1394        210          0          0          0      16687   stm32f0xx_tim.o
       478         34          0          0          0       5479   stm32f0xx_usart.o
        32          4          0          0          0        499   sysconfig.o
       332         22          0         20          0       1977   system_stm32f0xx.o
      1472         98          0          0          0       5488   timer.o
       500         74          0          8          0       2432   timer_isr.o
       308         30          0          4         16       3189   usart.o

    ----------------------------------------------------------------------
     13008       1700        224        280       1128     302712   Object Totals
         0          0         32          0          0          0   (incl. Generated)
        18          0          0          3          0          0   (incl. Padding)

    ----------------------------------------------------------------------

      Code (inc. data)   RO Data    RW Data    ZI Data      Debug   Library Member Name

         0          0          0          0          0          0   entry.o
         0          0          0          0          0          0   entry10a.o
         0          0          0          0          0          0   entry11a.o
         8          4          0          0          0          0   entry2.o
         4          0          0          0          0          0   entry5.o
         0          0          0          0          0          0   entry7b.o
         0          0          0          0          0          0   entry8b.o
         8          4          0          0          0          0   entry9a.o
        30          0          0          0          0          0   handlers.o
        40          0          0          0          0         72   idiv.o
        36          8          0          0          0         68   init.o
         0          0          0          0          0          0   iusefp.o
        32          0          0          0          0         68   llshl.o
        38          0          0          0          0         68   llsshr.o
        34          0          0          0          0         68   llushr.o
      2252         98          0          0          0        412   printfa.o
        44          0          0          0          0         72   uidiv.o
        96          0          0          0          0         84   uldiv.o
        40          2          0          0          0         68   cdrcmple.o
        20          0          0          0          0         68   cfcmple.o
        20          0          0          0          0         68   cfrcmple.o
        56          0          0          0          0         68   d2f.o
       356          4          0          0          0        140   dadd.o
       240          6          0          0          0         84   ddiv.o
       236          0          0          0          0        216   depilogue.o
        60         10          0          0          0         68   dfixui.o
        64         10          0          0          0         68   dfixul.o
        28          4          0          0          0         68   dfltui.o
       208          6          0          0          0         88   dmul.o
        40          0          0          0          0         60   f2d.o
       178          0          0          0          0        108   fadd.o
       124          0          0          0          0         72   fdiv.o
       130          0          0          0          0        144   fepilogue.o
        40          0          0          0          0         60   ffixui.o
        14          0          0          0          0         68   ffltui.o
       122          0          0          0          0         72   fmul.o

    ----------------------------------------------------------------------
      4600        156          0          0          0       2500   Library Totals
         2          0          0          0          0          0   (incl. Padding)

    ----------------------------------------------------------------------

      Code (inc. data)   RO Data    RW Data    ZI Data      Debug   Library Name

      2622        114          0          0          0        912   mc_p.l
      1976         42          0          0          0       1588   mf_p.l

    ----------------------------------------------------------------------
      4600        156          0          0          0       2500   Library Totals

    ----------------------------------------------------------------------

==============================================================================


      Code (inc. data)   RO Data    RW Data    ZI Data      Debug   

     17608       1856        224        280       1128     298828   Grand Totals
     17608       1856        224        280       1128     298828   ELF Image Totals
     17608       1856        224        280          0          0   ROM Totals

==============================================================================

    Total RO  Size (Code + RO Data)                17832 (  17.41kB)
    Total RW  Size (RW Data + ZI Data)              1408 (   1.38kB)
    Total ROM Size (Code + RO Data + RW Data)      18112 (  17.69kB)

==============================================================================

